Component: ARM Compiler 5.06 update 7 (build 960) Tool: armlink [4d3601]

==============================================================================

Section Cross References

    main.o(i.main) refers to hardware.o(i.MCU_Init) for MCU_Init
    main.o(i.main) refers to init.o(i.Hadrware_Init) for Hadrware_Init
    main.o(i.main) refers to kernel.o(i.KernelPolling) for KernelPolling
    hardware.o(i.MCU_Init) refers to system_msp432p401r.o(i.SystemCoreClockUpdate) for SystemCoreClockUpdate
    hardware.o(i.MCU_Init) refers to timer_drv.o(i.SysTick_Configuration) for SysTick_Configuration
    hardware.o(i.MCU_Init) refers to power.o(i.power_init) for power_init
    hardware.o(i.MCU_Init) refers to beep.o(i.beep_init) for beep_init
    hardware.o(i.MCU_Init) refers to motor.o(i.Motor_Init) for Motor_Init
    hardware.o(i.MCU_Init) refers to timer_drv.o(i.Delay_ms) for Delay_ms
    hardware.o(i.MCU_Init) refers to hardware_i2c.o(i.I2C_Init) for I2C_Init
    hardware.o(i.MCU_Init) refers to hardware_uart.o(i.USART_Init) for USART_Init
    motor.o(i.Motor_Calc) refers to gpio.o(i.GPIO_setAsInputPinWithPullUpResistor) for GPIO_setAsInputPinWithPullUpResistor
    motor.o(i.Motor_Calc) refers to eeprom.o(i.HAL_EEPROM_Write) for HAL_EEPROM_Write
    motor.o(i.Motor_Calc) refers to eeprom.o(i.HAL_EEPROM_Read) for HAL_EEPROM_Read
    motor.o(i.Motor_Calc) refers to timer_a.o(i.Timer_A_setCompareValue) for Timer_A_setCompareValue
    motor.o(i.Motor_Calc) refers to timer_drv.o(i.Delay_ms) for Delay_ms
    motor.o(i.Motor_Init) refers to motor.o(.data) for pwmConfig
    motor.o(i.UpdateMotor) refers to timer_a.o(i.Timer_A_setCompareValue) for Timer_A_setCompareValue
    hardware_i2c.o(i.I2C_Read_Byte) refers to hardware_i2c.o(i.IIC_Start) for IIC_Start
    hardware_i2c.o(i.I2C_Read_Byte) refers to hardware_i2c.o(i.IIC_SendByte) for IIC_SendByte
    hardware_i2c.o(i.I2C_Read_Byte) refers to hardware_i2c.o(i.IIC_RecvACK) for IIC_RecvACK
    hardware_i2c.o(i.I2C_Read_Byte) refers to hardware_i2c.o(i.IIC_RecvByte) for IIC_RecvByte
    hardware_i2c.o(i.I2C_Read_Byte) refers to hardware_i2c.o(i.IIC_SendACK) for IIC_SendACK
    hardware_i2c.o(i.I2C_Read_Byte) refers to hardware_i2c.o(i.IIC_Stop) for IIC_Stop
    hardware_i2c.o(i.I2C_Read_Bytes) refers to hardware_i2c.o(i.IIC_Start) for IIC_Start
    hardware_i2c.o(i.I2C_Read_Bytes) refers to hardware_i2c.o(i.IIC_SendByte) for IIC_SendByte
    hardware_i2c.o(i.I2C_Read_Bytes) refers to hardware_i2c.o(i.IIC_RecvACK) for IIC_RecvACK
    hardware_i2c.o(i.I2C_Read_Bytes) refers to hardware_i2c.o(i.IIC_RecvByte) for IIC_RecvByte
    hardware_i2c.o(i.I2C_Read_Bytes) refers to hardware_i2c.o(i.IIC_SendACK) for IIC_SendACK
    hardware_i2c.o(i.I2C_Read_Bytes) refers to hardware_i2c.o(i.IIC_Stop) for IIC_Stop
    hardware_i2c.o(i.I2C_Write_Byte) refers to hardware_i2c.o(i.IIC_Start) for IIC_Start
    hardware_i2c.o(i.I2C_Write_Byte) refers to hardware_i2c.o(i.IIC_SendByte) for IIC_SendByte
    hardware_i2c.o(i.I2C_Write_Byte) refers to hardware_i2c.o(i.IIC_RecvACK) for IIC_RecvACK
    hardware_i2c.o(i.I2C_Write_Byte) refers to hardware_i2c.o(i.IIC_Stop) for IIC_Stop
    hardware_i2c.o(i.IIC_RecvACK) refers to hardware_i2c.o(i.IIC_Stop) for IIC_Stop
    hardware_i2c.o(i.IIC_RecvACK) refers to hardware_i2c.o(i.delay) for delay
    hardware_i2c.o(i.IIC_RecvACK) refers to hardware_i2c.o(.data) for Ack_Count
    hardware_i2c.o(i.IIC_RecvByte) refers to hardware_i2c.o(i.delay) for delay
    hardware_i2c.o(i.IIC_SendACK) refers to hardware_i2c.o(i.delay) for delay
    hardware_i2c.o(i.IIC_SendByte) refers to hardware_i2c.o(i.delay) for delay
    hardware_i2c.o(i.IIC_Start) refers to hardware_i2c.o(i.delay) for delay
    hardware_i2c.o(i.IIC_Stop) refers to hardware_i2c.o(i.delay) for delay
    hardware_uart.o(i.EUSCIA0_IRQHandler) refers to uart.o(i.UART_clearInterruptFlag) for UART_clearInterruptFlag
    hardware_uart.o(i.EUSCIA0_IRQHandler) refers to ano_of.o(i.AnoOF_GetOneByte) for AnoOF_GetOneByte
    hardware_uart.o(i.EUSCIA0_IRQHandler) refers to uart.o(i.UART_transmitData) for UART_transmitData
    hardware_uart.o(i.EUSCIA0_IRQHandler) refers to hardware_uart.o(.bss) for UsartGroup
    hardware_uart.o(i.EUSCIA1_IRQHandler) refers to uart.o(i.UART_clearInterruptFlag) for UART_clearInterruptFlag
    hardware_uart.o(i.EUSCIA1_IRQHandler) refers to uart.o(i.UART_transmitData) for UART_transmitData
    hardware_uart.o(i.EUSCIA1_IRQHandler) refers to hardware_uart.o(.bss) for UsartGroup
    hardware_uart.o(i.EUSCIA2_IRQHandler) refers to uart.o(i.UART_clearInterruptFlag) for UART_clearInterruptFlag
    hardware_uart.o(i.EUSCIA2_IRQHandler) refers to hardware_uart.o(i.UART_A2_ReceiveHandle) for UART_A2_ReceiveHandle
    hardware_uart.o(i.EUSCIA2_IRQHandler) refers to hardware_uart.o(.bss) for UsartGroup
    hardware_uart.o(i.EUSCIA3_IRQHandler) refers to uart.o(i.UART_clearInterruptFlag) for UART_clearInterruptFlag
[...]
    i.GPIO_toggleOutputOnPin                 0x00002384   Section        0  gpio.o(i.GPIO_toggleOutputOnPin)
    i.GetAngle                               0x00002398   Section        0  imu.o(i.GetAngle)
    i.GetMPU6050Data                         0x0000247c   Section        0  mpu6050.o(i.GetMPU6050Data)
    i.GetMPU6050Offset                       0x0000256c   Section        0  mpu6050.o(i.GetMPU6050Offset)
    i.GetSysTime_us                          0x00002760   Section        0  timer_drv.o(i.GetSysTime_us)
    i.Hadrware_Init                          0x000027a4   Section        0  init.o(i.Hadrware_Init)
    i.HardFault_Handler                      0x000027fc   Section        0  msp432_interrupt.o(i.HardFault_Handler)
    i.Hardware_LED_Green_OFF                 0x00002800   Section        0  hardware.o(i.Hardware_LED_Green_OFF)
    i.Hardware_LED_Green_ON                  0x00002814   Section        0  hardware.o(i.Hardware_LED_Green_ON)
    i.Hardware_LED_Green_TOGGLE              0x00002828   Section        0  hardware.o(i.Hardware_LED_Green_TOGGLE)
    i.Hardware_LED_Red_OFF                   0x0000282c   Section        0  hardware.o(i.Hardware_LED_Red_OFF)
    i.Hardware_LED_Red_ON                    0x00002840   Section        0  hardware.o(i.Hardware_LED_Red_ON)
    i.Hardware_LED_Red_TOGGLE                0x00002854   Section        0  hardware.o(i.Hardware_LED_Red_TOGGLE)
    i.I2C_Init                               0x00002858   Section        0  hardware_i2c.o(i.I2C_Init)
    i.I2C_Read_Byte                          0x0000286c   Section        0  hardware_i2c.o(i.I2C_Read_Byte)
    i.I2C_Read_Bytes                         0x000028ac   Section        0  hardware_i2c.o(i.I2C_Read_Bytes)
    i.I2C_Write_Byte                         0x0000290e   Section        0  hardware_i2c.o(i.I2C_Write_Byte)
    i.IIC_RecvACK                            0x00002940   Section        0  hardware_i2c.o(i.IIC_RecvACK)
    i.IIC_RecvByte                           0x000029ac   Section        0  hardware_i2c.o(i.IIC_RecvByte)
    i.IIC_SendACK                            0x00002a10   Section        0  hardware_i2c.o(i.IIC_SendACK)
    i.IIC_SendByte                           0x00002a9c   Section        0  hardware_i2c.o(i.IIC_SendByte)
    i.IIC_Start                              0x00002b28   Section        0  hardware_i2c.o(i.IIC_Start)
    i.IIC_Stop                               0x00002b84   Section        0  hardware_i2c.o(i.IIC_Stop)
    i.IMU_Reset                              0x00002bdc   Section        0  imu.o(i.IMU_Reset)
    i.KernelPolling                          0x00002c08   Section        0  kernel.o(i.KernelPolling)
    i.LEDEventHandle                         0x00002d60   Section        0  led.o(i.LEDEventHandle)
    i.LEDInit                                0x00002df4   Section        0  led.o(i.LEDInit)
    i.MCU_Init                               0x00002f3c   Section        0  hardware.o(i.MCU_Init)
    i.MPU6050Init                            0x00002f78   Section        0  mpu6050.o(i.MPU6050Init)
    i.MotorControl                           0x0000300c   Section        0  control.o(i.MotorControl)
    i.Motor_Init                             0x00003374   Section        0  motor.o(i.Motor_Init)
    i.PID_Init                               0x000033f8   Section        0  init.o(i.PID_Init)
    i.POS_Ctrl                               0x000034b8   Section        0  pos_ctrl.o(i.POS_Ctrl)
    i.PendSV_Handler                         0x0000384c   Section        0  msp432_interrupt.o(i.PendSV_Handler)
    i.PollingGCS                             0x00003850   Section        0  gcs.o(i.PollingGCS)
    i.PollingLED                             0x00003860   Section        0  led.o(i.PollingLED)
    i.PollingUSART                           0x00003a0c   Section        0  hardware_uart.o(i.PollingUSART)
    i.Q_rsqrt                                0x00003b6c   Section        0  mymath.o(i.Q_rsqrt)
    i.RCReceiveHandle                        0x00003bb0   Section        0  remote.o(i.RCReceiveHandle)
    i.RemoteUnlock                           0x00003d28   Section        0  remote.o(i.RemoteUnlock)
    i.Remote_init                            0x00003e28   Section        0  remote.o(i.Remote_init)
    i.ResetAlt                               0x00003e54   Section        0  spl06.o(i.ResetAlt)
    i.ResetPID                               0x00003e64   Section        0  pid.o(i.ResetPID)
    i.SPL06Check                             0x00003ec8   Section        0  spl06.o(i.SPL06Check)
    i.SPL06Init                              0x00003eec   Section        0  spl06.o(i.SPL06Init)
    i.SPL06Update                            0x00003f70   Section        0  spl06.o(i.SPL06Update)
    i.SVC_Handler                            0x00003f72   Section        0  msp432_interrupt.o(i.SVC_Handler)
    i.SysTick_Configuration                  0x00003f74   Section        0  timer_drv.o(i.SysTick_Configuration)
    i.SysTick_Handler                        0x00003fe8   Section        0  timer_drv.o(i.SysTick_Handler)
    i.SystemCoreClockUpdate                  0x00004048   Section        0  system_msp432p401r.o(i.SystemCoreClockUpdate)
    i.SystemInit                             0x00004284   Section        0  system_msp432p401r.o(i.SystemInit)
    i.Timer_A_setCompareValue                0x0000435c   Section        0  timer_a.o(i.Timer_A_setCompareValue)
    i.UART_A0_ReceiveHandle                  0x00004370   Section        0  hardware_uart.o(i.UART_A0_ReceiveHandle)
    i.UART_A1_ReceiveHandle                  0x00004380   Section        0  hardware_uart.o(i.UART_A1_ReceiveHandle)
    i.UART_A2_ReceiveHandle                  0x00004384   Section        0  hardware_uart.o(i.UART_A2_ReceiveHandle)
    i.UART_A3_ReceiveHandle                  0x000043a0   Section        0  hardware_uart.o(i.UART_A3_ReceiveHandle)
    i.UART_clearInterruptFlag                0x000043a2   Section        0  uart.o(i.UART_clearInterruptFlag)
    i.UART_transmitData                      0x000043aa   Section        0  uart.o(i.UART_transmitData)
    i.USART_Init                             0x000043d4   Section        0  hardware_uart.o(i.USART_Init)
    i.UpdateAction                           0x000045cc   Section        0  followline_eg2.o(i.UpdateAction)
    i.UpdateButton                           0x00004660   Section        0  followline_eg2.o(i.UpdateButton)
    i.UpdateCentControl                      0x000046d0   Section        0  followline_eg2.o(i.UpdateCentControl)
    i.UpdateMotor                            0x000046f0   Section        0  motor.o(i.UpdateMotor)
    i.UpdatePID                              0x000047a4   Section        0  pid.o(i.UpdatePID)
    i.UpdateSPL06Info                        0x00004940   Section        0  spl06.o(i.UpdateSPL06Info)
    i.UpdateStatus                           0x00004a50   Section        0  followline_eg2.o(i.UpdateStatus)
    i.WZ_Est_Calcu                           0x00004b70   Section        0  speed_estimator.o(i.WZ_Est_Calcu)
    i.WZ_Fix_Calcu                           0x00004ba8   Section        0  speed_estimator.o(i.WZ_Fix_Calcu)
    i.WZ_Fus_Reset                           0x00004d44   Section        0  speed_estimator.o(i.WZ_Fus_Reset)
    i.WZ_Obs_Calcu                           0x00004d84   Section        0  speed_estimator.o(i.WZ_Obs_Calcu)
    i.__0sprintf$bare                        0x00004eec   Section        0  printfb.o(i.__0sprintf$bare)
    i.__ARM_fpclassify                       0x00004f10   Section        0  fpclassify.o(i.__ARM_fpclassify)
    i.__ARM_fpclassifyf                      0x00004f40   Section        0  fpclassifyf.o(i.__ARM_fpclassifyf)
    i.__hardfp_asin                          0x00004f68   Section        0  asin.o(i.__hardfp_asin)
    i.__hardfp_atan2f                        0x000052c8   Section        0  atan2f.o(i.__hardfp_atan2f)
    i.__hardfp_cosf                          0x00005574   Section        0  cosf.o(i.__hardfp_cosf)
    i.__hardfp_pow                           0x000056c8   Section        0  pow.o(i.__hardfp_pow)
    i.__kernel_poly                          0x00006318   Section        0  poly.o(i.__kernel_poly)
    i.__mathlib_dbl_divzero                  0x00006410   Section        0  dunder.o(i.__mathlib_dbl_divzero)
    i.__mathlib_dbl_infnan                   0x00006440   Section        0  dunder.o(i.__mathlib_dbl_infnan)
    i.__mathlib_dbl_infnan2                  0x00006454   Section        0  dunder.o(i.__mathlib_dbl_infnan2)
    i.__mathlib_dbl_invalid                  0x00006468   Section        0  dunder.o(i.__mathlib_dbl_invalid)
    i.__mathlib_dbl_overflow                 0x00006488   Section        0  dunder.o(i.__mathlib_dbl_overflow)
    i.__mathlib_dbl_underflow                0x000064a8   Section        0  dunder.o(i.__mathlib_dbl_underflow)
    i.__mathlib_flt_infnan                   0x000064c8   Section        0  funder.o(i.__mathlib_flt_infnan)
    i.__mathlib_flt_infnan2                  0x000064ce   Section        0  funder.o(i.__mathlib_flt_infnan2)
    i.__mathlib_flt_invalid                  0x000064d4   Section        0  funder.o(i.__mathlib_flt_invalid)
    i.__mathlib_flt_underflow                0x000064e4   Section        0  funder.o(i.__mathlib_flt_underflow)
    i.__mathlib_rredf2                       0x000064f4   Section        0  rredf.o(i.__mathlib_rredf2)
    i.__scatterload_copy                     0x00006648   Section       14  handlers.o(i.__scatterload_copy)
    i.__scatterload_null                     0x00006656   Section        2  handlers.o(i.__scatterload_null)
    i.__scatterload_zeroinit                 0x00006658   Section       14  handlers.o(i.__scatterload_zeroinit)
    i.__set_errno                            0x00006668   Section        0  errno.o(i.__set_errno)
    i._printf_core                           0x00006674   Section        0  printfb.o(i._printf_core)
    _printf_core                             0x00006675   Thumb Code    34  printfb.o(i._printf_core)
    i._sputc                                 0x00006696   Section        0  printfb.o(i._sputc)
    _sputc                                   0x00006697   Thumb Code    10  printfb.o(i._sputc)
    i.beep_init                              0x000066a0   Section        0  beep.o(i.beep_init)
    i.beep_update                            0x000066cc   Section        0  beep.o(i.beep_update)
    i.bsp_SPL06_Get_Calib_Coef               0x00006730   Section        0  spl06.o(i.bsp_SPL06_Get_Calib_Coef)
    i.bsp_SPL06_Get_Pressure                 0x00006918   Section        0  spl06.o(i.bsp_SPL06_Get_Pressure)
    i.bsp_SPL06_Get_Pressure_Adc             0x000069dc   Section        0  spl06.o(i.bsp_SPL06_Get_Pressure_Adc)
    i.bsp_SPL06_Pressure_Rate_Set            0x00006a1c   Section        0  spl06.o(i.bsp_SPL06_Pressure_Rate_Set)
    i.bsp_SPL06_Set_And_Start_Measure        0x00006b86   Section        0  spl06.o(i.bsp_SPL06_Set_And_Start_Measure)
    i.bsp_SPL06_Temperature_Rate_Set         0x00006b9a   Section        0  spl06.o(i.bsp_SPL06_Temperature_Rate_Set)
    i.deQueue                                0x00006d14   Section        0  queue.o(i.deQueue)
    i.delay                                  0x00006d6a   Section        0  hardware_i2c.o(i.delay)
    i.fabs                                   0x00006d78   Section        0  fabs.o(i.fabs)
    i.gcs_init                               0x00006d90   Section        0  gcs.o(i.gcs_init)
    i.main                                   0x00006dd4   Section        0  main.o(i.main)
    i.power_init                             0x00006de4   Section        0  power.o(i.power_init)
    i.power_update                           0x00006e54   Section        0  power.o(i.power_update)
    i.reset_i                                0x00006f08   Section        0  pid.o(i.reset_i)
    i.sdk_init                               0x00006f18   Section        0  sdk.o(i.sdk_init)
    i.sdk_land                               0x00006f80   Section        0  sdk.o(i.sdk_land)
    i.sdk_lock                               0x00006f8c   Section        0  sdk.o(i.sdk_lock)
    i.sdk_round_set                          0x00006fa0   Section        0  sdk.o(i.sdk_round_set)
    i.sdk_takeoff                            0x00007050   Section        0  sdk.o(i.sdk_takeoff)
    i.sdk_unlock                             0x00007068   Section        0  sdk.o(i.sdk_unlock)
    i.sdk_update                             0x0000707c   Section        0  sdk.o(i.sdk_update)
    i.sdk_velocity_reset                     0x00007294   Section        0  sdk.o(i.sdk_velocity_reset)
    i.sdk_velociyt_y_set                     0x000072b0   Section        0  sdk.o(i.sdk_velociyt_y_set)
    i.sdk_yaw_set                            0x000072f0   Section        0  sdk.o(i.sdk_yaw_set)
    i.sdk_yaw_stop                           0x000073b4   Section        0  sdk.o(i.sdk_yaw_stop)
    i.server_init                            0x000073c4   Section        0  server.o(i.server_init)
    i.sqrt                                   0x00007410   Section        0  sqrt.o(i.sqrt)
    .constdata                               0x00007480   Section      144  hardware_uart.o(.constdata)
    .constdata                               0x00007510   Section       24  server.o(.constdata)
    .constdata                               0x00007528   Section       24  mymath.o(.constdata)
    .constdata                               0x00007540   Section       80  asin.o(.constdata)
    pS                                       0x00007540   Data          48  asin.o(.constdata)
    qS                                       0x00007570   Data          32  asin.o(.constdata)
    .constdata                               0x00007590   Section      136  pow.o(.constdata)
    bp                                       0x00007590   Data          16  pow.o(.constdata)
    dp_h                                     0x000075a0   Data          16  pow.o(.constdata)
    dp_l                                     0x000075b0   Data          16  pow.o(.constdata)
    L                                        0x000075c0   Data          48  pow.o(.constdata)
    P                                        0x000075f0   Data          40  pow.o(.constdata)
    .constdata                               0x00007618   Section        8  qnan.o(.constdata)
    .constdata                               0x00007620   Section       32  rredf.o(.constdata)
    twooverpi                                0x00007620   Data          32  rredf.o(.constdata)
    .data                                    0x20000000   Section       24  motor.o(.data)
    .data                                    0x20000018   Section        1  hardware_i2c.o(.data)
    .data                                    0x2000001c   Section       12  hardware_uart.o(.data)
    .data                                    0x20000028   Section        8  timer_drv.o(.data)
    .data                                    0x20000030   Section       10  ano_of.o(.data)
    _data_cnt                                0x20000030   Data           1  ano_of.o(.data)
    of_check_f                               0x20000031   Data           2  ano_of.o(.data)
    of_check_cnt                             0x20000034   Data           4  ano_of.o(.data)
    _data_len                                0x20000038   Data           1  ano_of.o(.data)
    state                                    0x20000039   Data           1  ano_of.o(.data)
    .data                                    0x2000003c   Section        8  power.o(.data)
    cnt                                      0x20000040   Data           4  power.o(.data)
    .data                                    0x20000044   Section        6  beep.o(.data)
    .data                                    0x2000004a   Section        6  battery.o(.data)
    .data                                    0x20000050   Section       13  led.o(.data)
    cnt                                      0x20000058   Data           4  led.o(.data)
    tmp                                      0x2000005c   Data           1  led.o(.data)
    .data                                    0x20000060   Section        8  mpu6050.o(.data)
    cnt                                      0x20000064   Data           4  mpu6050.o(.data)
    .data                                    0x20000068   Section       44  imu.o(.data)
    NumQ                                     0x2000006c   Data          16  imu.o(.data)
    vecxZ                                    0x2000007c   Data           4  imu.o(.data)
    vecyZ                                    0x20000080   Data           4  imu.o(.data)
    veczZ                                    0x20000084   Data           4  imu.o(.data)
    wz_acc_tmp                               0x20000088   Data           8  imu.o(.data)
    KpDef                                    0x20000090   Data           4  imu.o(.data)
    .data                                    0x20000094   Section        6  remote.o(.data)
    status                                   0x20000098   Data           1  remote.o(.data)
    cnt                                      0x20000099   Data           1  remote.o(.data)
    .data                                    0x2000009c   Section       18  control.o(.data)
    status                                   0x200000ac   Data           1  control.o(.data)
    status                                   0x200000ad   Data           1  control.o(.data)
    .data                                    0x200000b0   Section       53  height_control.o(.data)
    exp_vel_d                                0x200000b0   Data           4  height_control.o(.data)
    exp_acc                                  0x200000b4   Data           4  height_control.o(.data)
    fb_acc                                   0x200000b8   Data           4  height_control.o(.data)
    exp_vel                                  0x200000bc   Data           4  height_control.o(.data)
    fb_vel                                   0x200000c0   Data           4  height_control.o(.data)
    exp_hei                                  0x200000c4   Data           4  height_control.o(.data)
    fb_hei                                   0x200000c8   Data           4  height_control.o(.data)
    hei_err                                  0x200000cc   Data           4  height_control.o(.data)
    vel_err                                  0x200000d0   Data           4  height_control.o(.data)
    acc_err                                  0x200000d4   Data           4  height_control.o(.data)
    acc_err_i                                0x200000d8   Data           4  height_control.o(.data)
    acc_out                                  0x200000dc   Data           4  height_control.o(.data)
    wz_out                                   0x200000e0   Data           4  height_control.o(.data)
    .data                                    0x200000e8   Section       24  kernel.o(.data)
    Cnt                                      0x200000fc   Data           4  kernel.o(.data)
    .data                                    0x20000100   Section       76  speed_estimator.o(.data)
    height_init_f                            0x20000138   Data           1  speed_estimator.o(.data)
    height_old                               0x2000013c   Data           8  speed_estimator.o(.data)
    alt_tmp                                  0x20000148   Data           4  speed_estimator.o(.data)
    .data                                    0x2000014c   Section       72  pos_ctrl.o(.data)
    .data                                    0x20000194   Section       12  sdk.o(.data)
    cnt                                      0x20000194   Data           4  sdk.o(.data)
    cnt                                      0x20000198   Data           4  sdk.o(.data)
    last_angle                               0x2000019c   Data           4  sdk.o(.data)
    .data                                    0x200001a0   Section       35  followline_eg2.o(.data)
    Cnt                                      0x200001ac   Data           4  followline_eg2.o(.data)
    OldPos                                   0x200001b0   Data           8  followline_eg2.o(.data)
    cnt                                      0x200001b8   Data           4  followline_eg2.o(.data)
    Enter                                    0x200001bc   Data           1  followline_eg2.o(.data)
    CountDown                                0x200001be   Data           2  followline_eg2.o(.data)
    input                                    0x200001c0   Data           1  followline_eg2.o(.data)
    input2                                   0x200001c1   Data           1  followline_eg2.o(.data)
    CloseGate                                0x200001c2   Data           1  followline_eg2.o(.data)
    .data                                    0x200001c4   Section       24  gcs.o(.data)
    yaobai                                   0x200001d4   Data           1  gcs.o(.data)
    Cnt                                      0x200001d8   Data           4  gcs.o(.data)
    .data                                    0x200001dc   Section       32  ano_dt.o(.data)
    DT_data_cnt                              0x200001de   Data           1  ano_dt.o(.data)
    ano_dt_data_ok                           0x200001df   Data           1  ano_dt.o(.data)
    cnt                                      0x200001e2   Data           2  ano_dt.o(.data)
    senser_cnt                               0x200001e4   Data           2  ano_dt.o(.data)
    senser2_cnt                              0x200001e6   Data           2  ano_dt.o(.data)
    user_cnt                                 0x200001e8   Data           2  ano_dt.o(.data)
    status_cnt                               0x200001ea   Data           2  ano_dt.o(.data)
    rcdata_cnt                               0x200001ec   Data           2  ano_dt.o(.data)
    motopwm_cnt                              0x200001ee   Data           2  ano_dt.o(.data)
    power_cnt                                0x200001f0   Data           2  ano_dt.o(.data)
    speed_cnt                                0x200001f2   Data           2  ano_dt.o(.data)
    location_cnt                             0x200001f4   Data           2  ano_dt.o(.data)
    _data_len                                0x200001f6   Data           1  ano_dt.o(.data)
    state                                    0x200001f7   Data           1  ano_dt.o(.data)
    cnt                                      0x200001f8   Data           4  ano_dt.o(.data)
    .data                                    0x200001fc   Section       48  gpio.o(.data)
    GPIO_PORT_TO_BASE                        0x200001fc   Data          48  gpio.o(.data)
    .data                                    0x2000022c   Section        4  system_msp432p401r.o(.data)
    .data                                    0x20000230   Section        4  errno.o(.data)
    _errno                                   0x20000230   Data           4  errno.o(.data)
    .bss                                     0x20000234   Section     1840  hardware_uart.o(.bss)
    .bss                                     0x20000964   Section      122  ano_of.o(.bss)
    _datatemp                                0x200009ac   Data          50  ano_of.o(.bss)
    .bss                                     0x200009e0   Section       88  mpu6050.o(.bss)
    mpu_filter                               0x20000a08   Data          48  mpu6050.o(.bss)
    .bss                                     0x20000a38   Section      164  spl06.o(.bss)
    .bss                                     0x20000adc   Section       12  imu.o(.bss)
    .bss                                     0x20000ae8   Section      884  pid.o(.bss)
    .bss                                     0x20000e5c   Section      112  remote.o(.bss)
    .bss                                     0x20000ecc   Section       12  control.o(.bss)
    .bss                                     0x20000ed8   Section       36  height_control.o(.bss)
    exp_vel_transition                       0x20000eec   Data          16  height_control.o(.bss)
    .bss                                     0x20000efc   Section       12  speed_estimator.o(.bss)
    .bss                                     0x20000f08   Section      248  sdk.o(.bss)
    .bss                                     0x20001000   Section       48  followline_eg2.o(.bss)
    .bss                                     0x20001030   Section       44  gcs.o(.bss)
    .bss                                     0x2000105c   Section      726  ano_dt.o(.bss)
    DT_RxBuffer                              0x20001232   Data         256  ano_dt.o(.bss)
    STACK                                    0x20001338   Section     1792  startup_msp432p401r_uvision.o(STACK)

    Global Symbols

    Symbol Name                              Value     Ov Type        Size  Object(Section)

    BuildAttributes$$THM_ISAv4$E$P$D$K$B$S$7EM$VFPi3$EXTD16$VFPS$VFMA$PE$A:L22UL41UL21$X:L11$S22US41US21$IEEE1$IW$USESV6$~STKCKD$USESV7$~SHL$OTIME$ROPI$IEEEX$EBA8$MICROLIB$REQ8$PRES8$EABIv2 0x00000000   Number         0  anon$$obj.o ABSOLUTE
    __ARM_use_no_argv                        0x00000000   Number         0  main.o ABSOLUTE
    __Vectors                                0x00000000   Data           4  startup_msp432p401r_uvision.o(RESET)
    __arm_fini_                               - Undefined Weak Reference
    __cpp_initialize__aeabi_                  - Undefined Weak Reference
    __cxa_finalize                            - Undefined Weak Reference
    _clock_init                               - Undefined Weak Reference
    _microlib_exit                            - Undefined Weak Reference
    __Vectors_End                            0x00000144   Data           0  startup_msp432p401r_uvision.o(RESET)
    __Vectors_Size                           0x00000144   Number         0  startup_msp432p401r_uvision.o ABSOLUTE
    __main                                   0x00000145   Thumb Code     0  entry.o(.ARM.Collect$$$$00000000)
    _main_stk                                0x00000145   Thumb Code     0  entry2.o(.ARM.Collect$$$$00000001)
    _main_scatterload                        0x00000149   Thumb Code     0  entry5.o(.ARM.Collect$$$$00000004)
    __main_after_scatterload                 0x0000014d   Thumb Code     0  entry5.o(.ARM.Collect$$$$00000004)
    _main_clock                              0x0000014d   Thumb Code     0  entry7b.o(.ARM.Collect$$$$00000008)
    _main_cpp_init                           0x0000014d   Thumb Code     0  entry8b.o(.ARM.Collect$$$$0000000A)
    _main_init                               0x0000014d   Thumb Code     0  entry9a.o(.ARM.Collect$$$$0000000B)
    __rt_lib_shutdown_fini                   0x00000155   Thumb Code     0  entry12b.o(.ARM.Collect$$$$0000000E)
    __rt_final_cpp                           0x00000159   Thumb Code     0  entry10a.o(.ARM.Collect$$$$0000000F)
    __rt_final_exit                          0x00000159   Thumb Code     0  entry11a.o(.ARM.Collect$$$$00000011)
    Reset_Handler                            0x0000015d   Thumb Code     8  startup_msp432p401r_uvision.o(.text)
    NMI_Handler                              0x00000165   Thumb Code     2  startup_msp432p401r_uvision.o(.text)
    MemManage_Handler                        0x00000169   Thumb Code     2  startup_msp432p401r_uvision.o(.text)
    BusFault_Handler                         0x0000016b   Thumb Code     2  startup_msp432p401r_uvision.o(.text)
    UsageFault_Handler                       0x0000016d   Thumb Code     2  startup_msp432p401r_uvision.o(.text)
    DebugMon_Handler                         0x00000171   Thumb Code     2  startup_msp432p401r_uvision.o(.text)
    ADC14_IRQHandler                         0x00000177   Thumb Code     0  startup_msp432p401r_uvision.o(.text)
    AES256_IRQHandler                        0x00000177   Thumb Code     0  startup_msp432p401r_uvision.o(.text)
    COMP_E0_IRQHandler                       0x00000177   Thumb Code     0  startup_msp432p401r_uvision.o(.text)
    COMP_E1_IRQHandler                       0x00000177   Thumb Code     0  startup_msp432p401r_uvision.o(.text)
    CS_IRQHandler                            0x00000177   Thumb Code     0  startup_msp432p401r_uvision.o(.text)
    DMA_ERR_IRQHandler                       0x00000177   Thumb Code     0  startup_msp432p401r_uvision.o(.text)
    DMA_INT0_IRQHandler                      0x00000177   Thumb Code     0  startup_msp432p401r_uvision.o(.text)
    DMA_INT1_IRQHandler                      0x00000177   Thumb Code     0  startup_msp432p401r_uvision.o(.text)
    DMA_INT2_IRQHandler                      0x00000177   Thumb Code     0  startup_msp432p401r_uvision.o(.text)
    DMA_INT3_IRQHandler                      0x00000177   Thumb Code     0  startup_msp432p401r_uvision.o(.text)
    EUSCIB1_IRQHandler                       0x00000177   Thumb Code     0  startup_msp432p401r_uvision.o(.text)
    EUSCIB2_IRQHandler                       0x00000177   Thumb Code     0  startup_msp432p401r_uvision.o(.text)
    EUSCIB3_IRQHandler                       0x00000177   Thumb Code     0  startup_msp432p401r_uvision.o(.text)
    FLCTL_IRQHandler                         0x00000177   Thumb Code     0  startup_msp432p401r_uvision.o(.text)
    FPU_IRQHandler                           0x00000177   Thumb Code     0  startup_msp432p401r_uvision.o(.text)
    PCM_IRQHandler                           0x00000177   Thumb Code     0  startup_msp432p401r_uvision.o(.text)
    PORT1_IRQHandler                         0x00000177   Thumb Code     0  startup_msp432p401r_uvision.o(.text)
    PORT2_IRQHandler                         0x00000177   Thumb Code     0  startup_msp432p401r_uvision.o(.text)
    PORT3_IRQHandler                         0x00000177   Thumb Code     0  startup_msp432p401r_uvision.o(.text)
    PORT4_IRQHandler                         0x00000177   Thumb Code     0  startup_msp432p401r_uvision.o(.text)
    PORT5_IRQHandler                         0x00000177   Thumb Code     0  startup_msp432p401r_uvision.o(.text)
    PORT6_IRQHandler                         0x00000177   Thumb Code     0  startup_msp432p401r_uvision.o(.text)
    PSS_IRQHandler                           0x00000177   Thumb Code     0  startup_msp432p401r_uvision.o(.text)
    RTC_C_IRQHandler                         0x00000177   Thumb Code     0  startup_msp432p401r_uvision.o(.text)
    T32_INT1_IRQHandler                      0x00000177   Thumb Code     0  startup_msp432p401r_uvision.o(.text)
    T32_INT2_IRQHandler                      0x00000177   Thumb Code     0  startup_msp432p401r_uvision.o(.text)
    T32_INTC_IRQHandler                      0x00000177   Thumb Code     0  startup_msp432p401r_uvision.o(.text)
    TA0_0_IRQHandler                         0x00000177   Thumb Code     0  startup_msp432p401r_uvision.o(.text)
    TA0_N_IRQHandler                         0x00000177   Thumb Code     0  startup_msp432p401r_uvision.o(.text)
    TA1_0_IRQHandler                         0x00000177   Thumb Code     0  startup_msp432p401r_uvision.o(.text)
    TA1_N_IRQHandler                         0x00000177   Thumb Code     0  startup_msp432p401r_uvision.o(.text)
    TA2_0_IRQHandler                         0x00000177   Thumb Code     0  startup_msp432p401r_uvision.o(.text)
    TA2_N_IRQHandler                         0x00000177   Thumb Code     0  startup_msp432p401r_uvision.o(.text)
    TA3_0_IRQHandler                         0x00000177   Thumb Code     0  startup_msp432p401r_uvision.o(.text)
    TA3_N_IRQHandler                         0x00000177   Thumb Code     0  startup_msp432p401r_uvision.o(.text)
    WDT_A_IRQHandler                         0x00000177   Thumb Code     0  startup_msp432p401r_uvision.o(.text)
    __aeabi_llsl                             0x00000181   Thumb Code    30  llshl.o(.text)
    _ll_shift_l                              0x00000181   Thumb Code     0  llshl.o(.text)
    __aeabi_lasr                             0x0000019f   Thumb Code    36  llsshr.o(.text)
    _ll_sshift_r                             0x0000019f   Thumb Code     0  llsshr.o(.text)
    __aeabi_memcpy                           0x000001c3   Thumb Code    36  memcpya.o(.text)
    __aeabi_memcpy4                          0x000001c3   Thumb Code     0  memcpya.o(.text)
    __aeabi_memcpy8                          0x000001c3   Thumb Code     0  memcpya.o(.text)
    __aeabi_memset                           0x000001e7   Thumb Code    14  memseta.o(.text)
    __aeabi_memset4                          0x000001e7   Thumb Code     0  memseta.o(.text)
    __aeabi_memset8                          0x000001e7   Thumb Code     0  memseta.o(.text)
    __aeabi_memclr                           0x000001f5   Thumb Code     4  memseta.o(.text)
    __aeabi_memclr4                          0x000001f5   Thumb Code     0  memseta.o(.text)
    __aeabi_memclr8                          0x000001f5   Thumb Code     0  memseta.o(.text)
    _memset$wrapper                          0x000001f9   Thumb Code    18  memseta.o(.text)
    __aeabi_dadd                             0x0000020b   Thumb Code   322  dadd.o(.text)
    __aeabi_dsub                             0x0000034d   Thumb Code     6  dadd.o(.text)
    __aeabi_drsub                            0x00000353   Thumb Code     6  dadd.o(.text)
    __aeabi_dmul                             0x00000359   Thumb Code   228  dmul.o(.text)
    __aeabi_ddiv                             0x0000043d   Thumb Code   222  ddiv.o(.text)
    __aeabi_i2d                              0x0000051b   Thumb Code    34  dflti.o(.text)
    __aeabi_ui2d                             0x0000053d   Thumb Code    26  dfltui.o(.text)
    __aeabi_d2uiz                            0x00000557   Thumb Code    50  dfixui.o(.text)
    __aeabi_f2d                              0x00000589   Thumb Code    38  f2d.o(.text)
    __aeabi_cdrcmple                         0x000005b1   Thumb Code    48  cdrcmple.o(.text)
    __aeabi_d2f                              0x000005e1   Thumb Code    56  d2f.o(.text)
    __aeabi_llsr                             0x00000619   Thumb Code    32  llushr.o(.text)
    _ll_ushift_r                             0x00000619   Thumb Code     0  llushr.o(.text)
    __I$use$fp                               0x00000639   Thumb Code     0  iusefp.o(.text)
    _float_round                             0x00000639   Thumb Code    18  fepilogue.o(.text)
    _float_epilogue                          0x0000064b   Thumb Code    92  fepilogue.o(.text)
    _double_round                            0x000006a7   Thumb Code    30  depilogue.o(.text)
    _double_epilogue                         0x000006c5   Thumb Code   156  depilogue.o(.text)
    __ARM_scalbn                             0x00000761   Thumb Code    46  dscalb.o(.text)
    scalbn                                   0x00000761   Thumb Code     0  dscalb.o(.text)
    _dsqrt                                   0x0000078f   Thumb Code   162  dsqrt.o(.text)
    __scatterload                            0x00000831   Thumb Code    28  init.o(.text)
    __scatterload_rt2                        0x00000831   Thumb Code     0  init.o(.text)
    __decompress                             0x00000855   Thumb Code     0  __dczerorl2.o(.text)
    __decompress1                            0x00000855   Thumb Code    86  __dczerorl2.o(.text)
    ALT_Ctrl                                 0x000008ad   Thumb Code  1178  height_control.o(i.ALT_Ctrl)
    ANO_DT_Data_Receive_Anl                  0x00000d4d   Thumb Code   234  ano_dt.o(i.ANO_DT_Data_Receive_Anl)
    ANO_DT_Data_Receive_Anl_Task             0x00000e41   Thumb Code    30  ano_dt.o(i.ANO_DT_Data_Receive_Anl_Task)
    ANO_DT_Data_Receive_Prepare              0x00000e6d   Thumb Code   216  ano_dt.o(i.ANO_DT_Data_Receive_Prepare)
    ANO_DT_GetParame                         0x00000f59   Thumb Code    28  ano_dt.o(i.ANO_DT_GetParame)
    ANO_DT_ParListToParUsed                  0x00000f7d   Thumb Code   482  ano_dt.o(i.ANO_DT_ParListToParUsed)
    ANO_DT_SendCmd                           0x0000116d   Thumb Code   236  ano_dt.o(i.ANO_DT_SendCmd)
    ANO_DT_Send_Data                         0x0000125d   Thumb Code     2  ano_dt.o(i.ANO_DT_Send_Data)
    ATT_Update                               0x00001261   Thumb Code  1158  imu.o(i.ATT_Update)
    ActionHoldPoint                          0x00001701   Thumb Code    48  followline_eg2.o(i.ActionHoldPoint)
    AnalyRC                                  0x0000173d   Thumb Code   808  remote.o(i.AnalyRC)
    AnoOF_DataAnl                            0x00001b0d   Thumb Code   206  ano_of.o(i.AnoOF_DataAnl)
    AnoOF_GetOneByte                         0x00001be5   Thumb Code   238  ano_of.o(i.AnoOF_GetOneByte)
    AnoOF_State_Task                         0x00001d09   Thumb Code    10  ano_of.o(i.AnoOF_State_Task)
    ClacCascadePID                           0x00001d13   Thumb Code    38  pid.o(i.ClacCascadePID)
    Delay_ms                                 0x00001d39   Thumb Code    26  timer_drv.o(i.Delay_ms)
    Delay_us                                 0x00001d53   Thumb Code    24  timer_drv.o(i.Delay_us)
    EUSCIA0_IRQHandler                       0x00001d6d   Thumb Code   164  hardware_uart.o(i.EUSCIA0_IRQHandler)
    EUSCIA1_IRQHandler                       0x00001e1d   Thumb Code   176  hardware_uart.o(i.EUSCIA1_IRQHandler)
    EUSCIA2_IRQHandler                       0x00001ed9   Thumb Code   148  hardware_uart.o(i.EUSCIA2_IRQHandler)
    EUSCIA3_IRQHandler                       0x00001f79   Thumb Code   182  hardware_uart.o(i.EUSCIA3_IRQHandler)
    EUSCIB0_IRQHandler                       0x0000203d   Thumb Code     2  msp432_interrupt.o(i.EUSCIB0_IRQHandler)
    FlightPidControl                         0x00002041   Thumb Code   494  control.o(i.FlightPidControl)
    Follow_Init                              0x00002265   Thumb Code   238  followline_eg2.o(i.Follow_Init)
    GPIO_toggleOutputOnPin                   0x00002385   Thumb Code    14  gpio.o(i.GPIO_toggleOutputOnPin)
    GetAngle                                 0x00002399   Thumb Code   208  imu.o(i.GetAngle)
    GetMPU6050Data                           0x0000247d   Thumb Code   222  mpu6050.o(i.GetMPU6050Data)
    GetMPU6050Offset                         0x0000256d   Thumb Code   486  mpu6050.o(i.GetMPU6050Offset)
    GetSysTime_us                            0x00002761   Thumb Code    60  timer_drv.o(i.GetSysTime_us)
    Hadrware_Init                            0x000027a5   Thumb Code    70  init.o(i.Hadrware_Init)
    HardFault_Handler                        0x000027fd   Thumb Code     2  msp432_interrupt.o(i.HardFault_Handler)
    Hardware_LED_Green_OFF                   0x00002801   Thumb Code    14  hardware.o(i.Hardware_LED_Green_OFF)
    Hardware_LED_Green_ON                    0x00002815   Thumb Code    14  hardware.o(i.Hardware_LED_Green_ON)
    Hardware_LED_Green_TOGGLE                0x00002829   Thumb Code     2  hardware.o(i.Hardware_LED_Green_TOGGLE)
    Hardware_LED_Red_OFF                     0x0000282d   Thumb Code    14  hardware.o(i.Hardware_LED_Red_OFF)
    Hardware_LED_Red_ON                      0x00002841   Thumb Code    14  hardware.o(i.Hardware_LED_Red_ON)
    Hardware_LED_Red_TOGGLE                  0x00002855   Thumb Code     2  hardware.o(i.Hardware_LED_Red_TOGGLE)
    I2C_Init                                 0x00002859   Thumb Code    14  hardware_i2c.o(i.I2C_Init)
    I2C_Read_Byte                            0x0000286d   Thumb Code    64  hardware_i2c.o(i.I2C_Read_Byte)
    I2C_Read_Bytes                           0x000028ad   Thumb Code    98  hardware_i2c.o(i.I2C_Read_Bytes)
    I2C_Write_Byte                           0x0000290f   Thumb Code    48  hardware_i2c.o(i.I2C_Write_Byte)
    IIC_RecvACK                              0x00002941   Thumb Code    98  hardware_i2c.o(i.IIC_RecvACK)
    IIC_RecvByte                             0x000029ad   Thumb Code    94  hardware_i2c.o(i.IIC_RecvByte)
    IIC_SendACK                              0x00002a11   Thumb Code   134  hardware_i2c.o(i.IIC_SendACK)
    IIC_SendByte                             0x00002a9d   Thumb Code   136  hardware_i2c.o(i.IIC_SendByte)
    IIC_Start                                0x00002b29   Thumb Code    88  hardware_i2c.o(i.IIC_Start)
    IIC_Stop                                 0x00002b85   Thumb Code    82  hardware_i2c.o(i.IIC_Stop)
    IMU_Reset                                0x00002bdd   Thumb Code    36  imu.o(i.IMU_Reset)
    KernelPolling                            0x00002c09   Thumb Code   306  kernel.o(i.KernelPolling)
    LEDEventHandle                           0x00002d61   Thumb Code   124  led.o(i.LEDEventHandle)
    LEDInit                                  0x00002df5   Thumb Code   320  led.o(i.LEDInit)
    MCU_Init                                 0x00002f3d   Thumb Code    56  hardware.o(i.MCU_Init)
    MPU6050Init                              0x00002f79   Thumb Code   142  mpu6050.o(i.MPU6050Init)
    MotorControl                             0x0000300d   Thumb Code   826  control.o(i.MotorControl)
    Motor_Init                               0x00003375   Thumb Code   120  motor.o(i.Motor_Init)
    PID_Init                                 0x000033f9   Thumb Code   156  init.o(i.PID_Init)
    POS_Ctrl                                 0x000034b9   Thumb Code   838  pos_ctrl.o(i.POS_Ctrl)
    PendSV_Handler                           0x0000384d   Thumb Code     2  msp432_interrupt.o(i.PendSV_Handler)
    PollingGCS                               0x00003851   Thumb Code    12  gcs.o(i.PollingGCS)
    PollingLED                               0x00003861   Thumb Code   420  led.o(i.PollingLED)
    PollingUSART                             0x00003a0d   Thumb Code   346  hardware_uart.o(i.PollingUSART)
    Q_rsqrt                                  0x00003b6d   Thumb Code    64  mymath.o(i.Q_rsqrt)
    RCReceiveHandle                          0x00003bb1   Thumb Code   326  remote.o(i.RCReceiveHandle)
    RemoteUnlock                             0x00003d29   Thumb Code   238  remote.o(i.RemoteUnlock)
    Remote_init                              0x00003e29   Thumb Code    36  remote.o(i.Remote_init)
    ResetAlt                                 0x00003e55   Thumb Code    12  spl06.o(i.ResetAlt)
    ResetPID                                 0x00003e65   Thumb Code    88  pid.o(i.ResetPID)
    SPL06Check                               0x00003ec9   Thumb Code    34  spl06.o(i.SPL06Check)
    SPL06Init                                0x00003eed   Thumb Code   110  spl06.o(i.SPL06Init)
    SPL06Update                              0x00003f71   Thumb Code     2  spl06.o(i.SPL06Update)
    SVC_Handler                              0x00003f73   Thumb Code     2  msp432_interrupt.o(i.SVC_Handler)
    SysTick_Configuration                    0x00003f75   Thumb Code    96  timer_drv.o(i.SysTick_Configuration)
    SysTick_Handler                          0x00003fe9   Thumb Code    70  timer_drv.o(i.SysTick_Handler)
    SystemCoreClockUpdate                    0x00004049   Thumb Code   522  system_msp432p401r.o(i.SystemCoreClockUpdate)
    SystemInit                               0x00004285   Thumb Code   186  system_msp432p401r.o(i.SystemInit)
    Timer_A_setCompareValue                  0x0000435d   Thumb Code    20  timer_a.o(i.Timer_A_setCompareValue)
    UART_A0_ReceiveHandle                    0x00004371   Thumb Code    16  hardware_uart.o(i.UART_A0_ReceiveHandle)
    UART_A1_ReceiveHandle                    0x00004381   Thumb Code     2  hardware_uart.o(i.UART_A1_ReceiveHandle)
    UART_A2_ReceiveHandle                    0x00004385   Thumb Code    22  hardware_uart.o(i.UART_A2_ReceiveHandle)
    UART_A3_ReceiveHandle                    0x000043a1   Thumb Code     2  hardware_uart.o(i.UART_A3_ReceiveHandle)
    UART_clearInterruptFlag                  0x000043a3   Thumb Code     8  uart.o(i.UART_clearInterruptFlag)
    UART_transmitData                        0x000043ab   Thumb Code    40  uart.o(i.UART_transmitData)
    USART_Init                               0x000043d5   Thumb Code   454  hardware_uart.o(i.USART_Init)
    UpdateAction                             0x000045cd   Thumb Code   128  followline_eg2.o(i.UpdateAction)
    UpdateButton                             0x00004661   Thumb Code    84  followline_eg2.o(i.UpdateButton)
    UpdateCentControl                        0x000046d1   Thumb Code    32  followline_eg2.o(i.UpdateCentControl)
    UpdateMotor                              0x000046f1   Thumb Code   176  motor.o(i.UpdateMotor)
    UpdatePID                                0x000047a5   Thumb Code   406  pid.o(i.UpdatePID)
    UpdateSPL06Info                          0x00004941   Thumb Code   210  spl06.o(i.UpdateSPL06Info)
    UpdateStatus                             0x00004a51   Thumb Code   276  followline_eg2.o(i.UpdateStatus)
    WZ_Est_Calcu                             0x00004b71   Thumb Code    44  speed_estimator.o(i.WZ_Est_Calcu)
    WZ_Fix_Calcu                             0x00004ba9   Thumb Code   350  speed_estimator.o(i.WZ_Fix_Calcu)
    WZ_Fus_Reset                             0x00004d45   Thumb Code    42  speed_estimator.o(i.WZ_Fus_Reset)
    WZ_Obs_Calcu                             0x00004d85   Thumb Code   296  speed_estimator.o(i.WZ_Obs_Calcu)
    __0sprintf$bare                          0x00004eed   Thumb Code    32  printfb.o(i.__0sprintf$bare)
    __1sprintf$bare                          0x00004eed   Thumb Code     0  printfb.o(i.__0sprintf$bare)
    __2sprintf                               0x00004eed   Thumb Code     0  printfb.o(i.__0sprintf$bare)
    __ARM_fpclassify                         0x00004f11   Thumb Code    48  fpclassify.o(i.__ARM_fpclassify)
    __ARM_fpclassifyf                        0x00004f41   Thumb Code    38  fpclassifyf.o(i.__ARM_fpclassifyf)
    __hardfp_asin                            0x00004f69   Thumb Code   770  asin.o(i.__hardfp_asin)
    __hardfp_atan2f                          0x000052c9   Thumb Code   594  atan2f.o(i.__hardfp_atan2f)
    __hardfp_cosf                            0x00005575   Thumb Code   280  cosf.o(i.__hardfp_cosf)
    __hardfp_pow                             0x000056c9   Thumb Code  3072  pow.o(i.__hardfp_pow)
    __kernel_poly                            0x00006319   Thumb Code   248  poly.o(i.__kernel_poly)
    __mathlib_dbl_divzero                    0x00006411   Thumb Code    28  dunder.o(i.__mathlib_dbl_divzero)
    __mathlib_dbl_infnan                     0x00006441   Thumb Code    20  dunder.o(i.__mathlib_dbl_infnan)
    __mathlib_dbl_infnan2                    0x00006455   Thumb Code    20  dunder.o(i.__mathlib_dbl_infnan2)
    __mathlib_dbl_invalid                    0x00006469   Thumb Code    24  dunder.o(i.__mathlib_dbl_invalid)
    __mathlib_dbl_overflow                   0x00006489   Thumb Code    24  dunder.o(i.__mathlib_dbl_overflow)
    __mathlib_dbl_underflow                  0x000064a9   Thumb Code    24  dunder.o(i.__mathlib_dbl_underflow)
    __mathlib_flt_infnan                     0x000064c9   Thumb Code     6  funder.o(i.__mathlib_flt_infnan)
    __mathlib_flt_infnan2                    0x000064cf   Thumb Code     6  funder.o(i.__mathlib_flt_infnan2)
    __mathlib_flt_invalid                    0x000064d5   Thumb Code    10  funder.o(i.__mathlib_flt_invalid)
    __mathlib_flt_underflow                  0x000064e5   Thumb Code    10  funder.o(i.__mathlib_flt_underflow)
    __mathlib_rredf2                         0x000064f5   Thumb Code   316  rredf.o(i.__mathlib_rredf2)
    __scatterload_copy                       0x00006649   Thumb Code    14  handlers.o(i.__scatterload_copy)
    __scatterload_null                       0x00006657   Thumb Code     2  handlers.o(i.__scatterload_null)
    __scatterload_zeroinit                   0x00006659   Thumb Code    14  handlers.o(i.__scatterload_zeroinit)
    __set_errno                              0x00006669   Thumb Code     6  errno.o(i.__set_errno)
    beep_init                                0x000066a1   Thumb Code    36  beep.o(i.beep_init)
    beep_update                              0x000066cd   Thumb Code    90  beep.o(i.beep_update)
    bsp_SPL06_Get_Calib_Coef                 0x00006731   Thumb Code   482  spl06.o(i.bsp_SPL06_Get_Calib_Coef)
    bsp_SPL06_Get_Pressure                   0x00006919   Thumb Code   196  spl06.o(i.bsp_SPL06_Get_Pressure)
    bsp_SPL06_Get_Pressure_Adc               0x000069dd   Thumb Code    64  spl06.o(i.bsp_SPL06_Get_Pressure_Adc)
    bsp_SPL06_Pressure_Rate_Set              0x00006a1d   Thumb Code   362  spl06.o(i.bsp_SPL06_Pressure_Rate_Set)
    bsp_SPL06_Set_And_Start_Measure          0x00006b87   Thumb Code    20  spl06.o(i.bsp_SPL06_Set_And_Start_Measure)
    bsp_SPL06_Temperature_Rate_Set           0x00006b9b   Thumb Code   378  spl06.o(i.bsp_SPL06_Temperature_Rate_Set)
    deQueue                                  0x00006d15   Thumb Code    86  queue.o(i.deQueue)
    delay                                    0x00006d6b   Thumb Code    14  hardware_i2c.o(i.delay)
    fabs                                     0x00006d79   Thumb Code    24  fabs.o(i.fabs)
    gcs_init                                 0x00006d91   Thumb Code    36  gcs.o(i.gcs_init)
    main                                     0x00006dd5   Thumb Code    16  main.o(i.main)
    power_init                               0x00006de5   Thumb Code    96  power.o(i.power_init)
    power_update                             0x00006e55   Thumb Code   166  power.o(i.power_update)
    reset_i                                  0x00006f09   Thumb Code    10  pid.o(i.reset_i)
    sdk_init                                 0x00006f19   Thumb Code    78  sdk.o(i.sdk_init)
    sdk_land                                 0x00006f81   Thumb Code     8  sdk.o(i.sdk_land)
    sdk_lock                                 0x00006f8d   Thumb Code    14  sdk.o(i.sdk_lock)
    sdk_round_set                            0x00006fa1   Thumb Code   156  sdk.o(i.sdk_round_set)
    sdk_takeoff                              0x00007051   Thumb Code    14  sdk.o(i.sdk_takeoff)
    sdk_unlock                               0x00007069   Thumb Code    16  sdk.o(i.sdk_unlock)
    sdk_update                               0x0000707d   Thumb Code   478  sdk.o(i.sdk_update)
    sdk_velocity_reset                       0x00007295   Thumb Code    20  sdk.o(i.sdk_velocity_reset)
    sdk_velociyt_y_set                       0x000072b1   Thumb Code    52  sdk.o(i.sdk_velociyt_y_set)
    sdk_yaw_set                              0x000072f1   Thumb Code   188  sdk.o(i.sdk_yaw_set)
    sdk_yaw_stop                             0x000073b5   Thumb Code    12  sdk.o(i.sdk_yaw_stop)
    server_init                              0x000073c5   Thumb Code    64  server.o(i.server_init)
    sqrt                                     0x00007411   Thumb Code   110  sqrt.o(i.sqrt)
    M_PI                                     0x00007528   Data           4  mymath.o(.constdata)
    RtA                                      0x0000752c   Data           4  mymath.o(.constdata)
    AtR                                      0x00007530   Data           4  mymath.o(.constdata)
    Gyro_G                                   0x00007534   Data           4  mymath.o(.constdata)
    Gyro_Gr                                  0x00007538   Data           4  mymath.o(.constdata)
    PI_2                                     0x0000753c   Data           4  mymath.o(.constdata)
    __mathlib_zero                           0x00007618   Data           8  qnan.o(.constdata)
    Region$$Table$$Base                      0x00007640   Number         0  anon$$obj.o(Region$$Table)
    Region$$Table$$Limit                     0x00007660   Number         0  anon$$obj.o(Region$$Table)
    pwmConfig                                0x20000000   Data          24  motor.o(.data)
    Ack_Count                                0x20000018   Data           1  hardware_i2c.o(.data)
    lbUsartRx                                0x2000001c   Data           1  hardware_uart.o(.data)
    TimeoutUSART                             0x20000020   Data           4  hardware_uart.o(.data)
    A1ReceiveHandle                          0x20000024   Data           4  hardware_uart.o(.data)
    usTicks                                  0x20000028   Data           4  timer_drv.o(.data)
    msTicks                                  0x2000002c   Data           4  timer_drv.o(.data)
    power_update_enable                      0x2000003c   Data           1  power.o(.data)
    pwoer_status                             0x2000003d   Data           1  power.o(.data)
    BeepManager                              0x20000044   Data           6  beep.o(.data)
    g_BatteryInfo                            0x2000004a   Data           6  battery.o(.data)
    g_LedManager                             0x20000050   Data           8  led.o(.data)
    pMpu                                     0x20000060   Data           4  mpu6050.o(.data)
    NormAccz                                 0x20000068   Data           4  imu.o(.data)
    OnlineCnt                                0x20000094   Data           4  remote.o(.data)
    motor                                    0x2000009c   Data           8  control.o(.data)
    g_FMUflg                                 0x200000a4   Data           1  control.o(.data)
    PIDGroup_desired_yaw_pos_tmp             0x200000a8   Data           4  control.o(.data)
    fc_state_take_off                        0x200000e4   Data           1  height_control.o(.data)
    KernelRunning                            0x200000e8   Data           1  kernel.o(.data)
    InitComplete                             0x200000e9   Data           1  kernel.o(.data)
    Angle_Int16                              0x200000ea   Data           6  kernel.o(.data)
    sum                                      0x200000f0   Data           4  kernel.o(.data)
    data                                     0x200000f4   Data           5  kernel.o(.data)
    wz_fus_sta                               0x20000100   Data           1  speed_estimator.o(.data)
    obs_wz_velocity                          0x20000104   Data           8  speed_estimator.o(.data)
    obs_wz_height                            0x2000010c   Data           8  speed_estimator.o(.data)
    obs_wz_hasl                              0x20000114   Data           4  speed_estimator.o(.data)
    obs_wz_hasl_gnd                          0x20000118   Data           4  speed_estimator.o(.data)
    obs_wz_velocity_ref                      0x2000011c   Data           4  speed_estimator.o(.data)
    obs_wz_height_ref                        0x20000120   Data           4  speed_estimator.o(.data)
    est_wz_velocity                          0x20000124   Data           4  speed_estimator.o(.data)
    est_wz_height                            0x20000128   Data           4  speed_estimator.o(.data)
    fix_wz_velocity                          0x2000012c   Data           4  speed_estimator.o(.data)
    fix_wz_height                            0x20000130   Data           4  speed_estimator.o(.data)
    fix_wz_acceleration                      0x20000134   Data           4  speed_estimator.o(.data)
    Select_Baro                              0x20000144   Data           1  speed_estimator.o(.data)
    exp_velocity                             0x2000014c   Data           8  pos_ctrl.o(.data)
    fb_velocity                              0x20000154   Data           8  pos_ctrl.o(.data)
    fb_velocity_old                          0x2000015c   Data           8  pos_ctrl.o(.data)
    fb_velocity_d                            0x20000164   Data           8  pos_ctrl.o(.data)
    fb_velocity_fixed                        0x2000016c   Data           8  pos_ctrl.o(.data)
    pos_velocity_err                         0x20000174   Data           8  pos_ctrl.o(.data)
    pos_velocity_err_i                       0x2000017c   Data           8  pos_ctrl.o(.data)
    pos_out                                  0x20000184   Data           8  pos_ctrl.o(.data)
    pos_out_trans                            0x2000018c   Data           8  pos_ctrl.o(.data)
    FollowLine                               0x200001a0   Data           1  followline_eg2.o(.data)
    FollowApriTag                            0x200001a1   Data           1  followline_eg2.o(.data)
    SonarManager                             0x200001a2   Data           8  followline_eg2.o(.data)
    PID_select                               0x200001c4   Data           1  gcs.o(.data)
    PID_Config_Info                          0x200001c8   Data           4  gcs.o(.data)
    base                                     0x200001cc   Data           4  gcs.o(.data)
    FbAlt                                    0x200001d0   Data           2  gcs.o(.data)
    ExpAlt                                   0x200001d2   Data           2  gcs.o(.data)
    checkdata_to_send                        0x200001dc   Data           1  ano_dt.o(.data)
    checksum_to_send                         0x200001dd   Data           1  ano_dt.o(.data)
    flash_save_en_cnt                        0x200001e0   Data           2  ano_dt.o(.data)
    SystemCoreClock                          0x2000022c   Data           4  system_msp432p401r.o(.data)
    SBusRxBuff                               0x20000234   Data          30  hardware_uart.o(.bss)
    UsartGroup                               0x20000254   Data        1808  hardware_uart.o(.bss)
    ANO_OF                                   0x20000964   Data          72  ano_of.o(.bss)
    g_MPUManager                             0x200009e0   Data          26  mpu6050.o(.bss)
    test_6050time                            0x200009fc   Data          12  mpu6050.o(.bss)
    device_SPL06                             0x20000a38   Data          88  spl06.o(.bss)
    g_SPL06Manager                           0x20000a90   Data          76  spl06.o(.bss)
    g_Attitude                               0x20000adc   Data          12  imu.o(.bss)
    PIDGroup                                 0x20000ae8   Data         884  pid.o(.bss)
    SBusRemote                               0x20000e5c   Data          32  remote.o(.bss)
    RC_rxData                                0x20000e7c   Data          32  remote.o(.bss)
    Remote                                   0x20000e9c   Data          22  remote.o(.bss)
    PreRemote                                0x20000eb2   Data          26  remote.o(.bss)
    fb_gyro_lpf                              0x20000ecc   Data          12  control.o(.bss)
    HeightInfo                               0x20000ed8   Data          20  height_control.o(.bss)
    fix_rat                                  0x20000efc   Data          12  speed_estimator.o(.bss)
    sdk_pid                                  0x20000f08   Data         204  sdk.o(.bss)
    sdk_manager                              0x20000fd4   Data          44  sdk.o(.bss)
    FollowManager                            0x20001000   Data          48  followline_eg2.o(.bss)
    g_UAVinfo                                0x20001030   Data          44  gcs.o(.bss)
    ParValList                               0x2000105c   Data         400  ano_dt.o(.bss)
    data_to_send                             0x200011ec   Data          50  ano_dt.o(.bss)
    f                                        0x2000121e   Data          20  ano_dt.o(.bss)
    __initial_sp                             0x20001a38   Data           0  startup_msp432p401r_uvision.o(STACK)



==============================================================================

Memory Map of the image

  Image Entry point : 0x00000145

  Load Region LR_IROM1 (Base: 0x00000000, Size: 0x00007894, Max: 0x00040000, ABSOLUTE, COMPRESSED[0x000076d4])

    Execution Region ER_IROM1 (Exec base: 0x00000000, Load base: 0x00000000, Size: 0x00007660, Max: 0x00040000, ABSOLUTE)

    Exec Addr    Load Addr    Size         Type   Attr      Idx    E Section Name        Object

    0x00000000   0x00000000   0x00000144   Data   RO        11011    RESET               startup_msp432p401r_uvision.o
    0x00000144   0x00000144   0x00000000   Code   RO        11214  * .ARM.Collect$$$$00000000  mc_w.l(entry.o)
    0x00000144   0x00000144   0x00000004   Code   RO        11553    .ARM.Collect$$$$00000001  mc_w.l(entry2.o)
    0x00000148   0x00000148   0x00000004   Code   RO        11556    .ARM.Collect$$$$00000004  mc_w.l(entry5.o)
    0x0000014c   0x0000014c   0x00000000   Code   RO        11558    .ARM.Collect$$$$00000008  mc_w.l(entry7b.o)
    0x0000014c   0x0000014c   0x00000000   Code   RO        11560    .ARM.Collect$$$$0000000A  mc_w.l(entry8b.o)
    0x0000014c   0x0000014c   0x00000008   Code   RO        11561    .ARM.Collect$$$$0000000B  mc_w.l(entry9a.o)
    0x00000154   0x00000154   0x00000004   Code   RO        11568    .ARM.Collect$$$$0000000E  mc_w.l(entry12b.o)
    0x00000158   0x00000158   0x00000000   Code   RO        11563    .ARM.Collect$$$$0000000F  mc_w.l(entry10a.o)
    0x00000158   0x00000158   0x00000000   Code   RO        11565    .ARM.Collect$$$$00000011  mc_w.l(entry11a.o)
    0x00000158   0x00000158   0x00000004   Code   RO        11554    .ARM.Collect$$$$00002712  mc_w.l(entry2.o)
    0x0000015c   0x0000015c   0x00000024   Code   RO        11012    .text               startup_msp432p401r_uvision.o
    0x00000180   0x00000180   0x0000001e   Code   RO        11221    .text               mc_w.l(llshl.o)
    0x0000019e   0x0000019e   0x00000024   Code   RO        11223    .text               mc_w.l(llsshr.o)
    0x000001c2   0x000001c2   0x00000024   Code   RO        11225    .text               mc_w.l(memcpya.o)
    0x000001e6   0x000001e6   0x00000024   Code   RO        11227    .text               mc_w.l(memseta.o)
    0x0000020a   0x0000020a   0x0000014e   Code   RO        11491    .text               mf_w.l(dadd.o)
    0x00000358   0x00000358   0x000000e4   Code   RO        11493    .text               mf_w.l(dmul.o)
    0x0000043c   0x0000043c   0x000000de   Code   RO        11495    .text               mf_w.l(ddiv.o)
    0x0000051a   0x0000051a   0x00000022   Code   RO        11499    .text               mf_w.l(dflti.o)
    0x0000053c   0x0000053c   0x0000001a   Code   RO        11501    .text               mf_w.l(dfltui.o)
    0x00000556   0x00000556   0x00000032   Code   RO        11505    .text               mf_w.l(dfixui.o)
    0x00000588   0x00000588   0x00000026   Code   RO        11507    .text               mf_w.l(f2d.o)
    0x000005ae   0x000005ae   0x00000002   PAD
    0x000005b0   0x000005b0   0x00000030   Code   RO        11511    .text               mf_w.l(cdrcmple.o)
    0x000005e0   0x000005e0   0x00000038   Code   RO        11513    .text               mf_w.l(d2f.o)
    0x00000618   0x00000618   0x00000020   Code   RO        11574    .text               mc_w.l(llushr.o)
    0x00000638   0x00000638   0x00000000   Code   RO        11583    .text               mc_w.l(iusefp.o)
    0x00000638   0x00000638   0x0000006e   Code   RO        11584    .text               mf_w.l(fepilogue.o)
    0x000006a6   0x000006a6   0x000000ba   Code   RO        11586    .text               mf_w.l(depilogue.o)
    0x00000760   0x00000760   0x0000002e   Code   RO        11588    .text               mf_w.l(dscalb.o)
    0x0000078e   0x0000078e   0x000000a2   Code   RO        11590    .text               mf_w.l(dsqrt.o)
    0x00000830   0x00000830   0x00000024   Code   RO        11596    .text               mc_w.l(init.o)
    0x00000854   0x00000854   0x00000056   Code   RO        11608    .text               mc_w.l(__dczerorl2.o)
    0x000008aa   0x000008aa   0x00000002   PAD
    0x000008ac   0x000008ac   0x000004a0   Code   RO         1833    i.ALT_Ctrl          height_control.o
    0x00000d4c   0x00000d4c   0x000000f4   Code   RO         2339    i.ANO_DT_Data_Receive_Anl  ano_dt.o
    0x00000e40   0x00000e40   0x0000002c   Code   RO         2340    i.ANO_DT_Data_Receive_Anl_Task  ano_dt.o
    0x00000e6c   0x00000e6c   0x000000ec   Code   RO         2341    i.ANO_DT_Data_Receive_Prepare  ano_dt.o
    0x00000f58   0x00000f58   0x00000024   Code   RO         2342    i.ANO_DT_GetParame  ano_dt.o
    0x00000f7c   0x00000f7c   0x000001f0   Code   RO         2344    i.ANO_DT_ParListToParUsed  ano_dt.o
    0x0000116c   0x0000116c   0x000000f0   Code   RO         2346    i.ANO_DT_SendCmd    ano_dt.o
    0x0000125c   0x0000125c   0x00000002   Code   RO         2350    i.ANO_DT_Send_Data  ano_dt.o
    0x0000125e   0x0000125e   0x00000002   PAD
    0x00001260   0x00001260   0x000004a0   Code   RO         1354    i.ATT_Update        imu.o
    0x00001700   0x00001700   0x0000003c   Code   RO         2157    i.ActionHoldPoint   followline_eg2.o
    0x0000173c   0x0000173c   0x00000358   Code   RO         1571    i.AnalyRC           remote.o
    0x00001a94   0x00001a94   0x00000078   Code   RO          777    i.AnoOF_Check       ano_of.o
    0x00001b0c   0x00001b0c   0x000000d8   Code   RO          778    i.AnoOF_DataAnl     ano_of.o
    0x00001be4   0x00001be4   0x00000100   Code   RO          779    i.AnoOF_GetOneByte  ano_of.o
    0x00001ce4   0x00001ce4   0x00000024   Code   RO          780    i.AnoOF_State_Get   ano_of.o
    0x00001d08   0x00001d08   0x0000000a   Code   RO          781    i.AnoOF_State_Task  ano_of.o
    0x00001d12   0x00001d12   0x00000026   Code   RO         1478    i.ClacCascadePID    pid.o
    0x00001d38   0x00001d38   0x0000001a   Code   RO          709    i.Delay_ms          timer_drv.o
    0x00001d52   0x00001d52   0x00000018   Code   RO          710    i.Delay_us          timer_drv.o
    0x00001d6a   0x00001d6a   0x00000002   PAD
    0x00001d6c   0x00001d6c   0x000000b0   Code   RO          561    i.EUSCIA0_IRQHandler  hardware_uart.o
    0x00001e1c   0x00001e1c   0x000000bc   Code   RO          562    i.EUSCIA1_IRQHandler  hardware_uart.o
    0x00001ed8   0x00001ed8   0x000000a0   Code   RO          563    i.EUSCIA2_IRQHandler  hardware_uart.o
    0x00001f78   0x00001f78   0x000000c4   Code   RO          564    i.EUSCIA3_IRQHandler  hardware_uart.o
    0x0000203c   0x0000203c   0x00000002   Code   RO          182    i.EUSCIB0_IRQHandler  msp432_interrupt.o
    0x0000203e   0x0000203e   0x00000002   PAD
    0x00002040   0x00002040   0x00000224   Code   RO         1788    i.FlightPidControl  control.o
    0x00002264   0x00002264   0x00000120   Code   RO         2158    i.Follow_Init       followline_eg2.o
    0x00002384   0x00002384   0x00000014   Code   RO         3921    i.GPIO_toggleOutputOnPin  gpio.o
    0x00002398   0x00002398   0x000000e4   Code   RO         1355    i.GetAngle          imu.o
    0x0000247c   0x0000247c   0x000000f0   Code   RO         1082    i.GetMPU6050Data    mpu6050.o
    0x0000256c   0x0000256c   0x000001f4   Code   RO         1083    i.GetMPU6050Offset  mpu6050.o
    0x00002760   0x00002760   0x00000044   Code   RO          711    i.GetSysTime_us     timer_drv.o
    0x000027a4   0x000027a4   0x00000058   Code   RO         1731    i.Hadrware_Init     init.o
    0x000027fc   0x000027fc   0x00000002   Code   RO          183    i.HardFault_Handler  msp432_interrupt.o
    0x000027fe   0x000027fe   0x00000002   PAD
    0x00002800   0x00002800   0x00000014   Code   RO          239    i.Hardware_LED_Green_OFF  hardware.o
    0x00002814   0x00002814   0x00000014   Code   RO          240    i.Hardware_LED_Green_ON  hardware.o
    0x00002828   0x00002828   0x00000002   Code   RO          241    i.Hardware_LED_Green_TOGGLE  hardware.o
    0x0000282a   0x0000282a   0x00000002   PAD
    0x0000282c   0x0000282c   0x00000014   Code   RO          254    i.Hardware_LED_Red_OFF  hardware.o
    0x00002840   0x00002840   0x00000014   Code   RO          255    i.Hardware_LED_Red_ON  hardware.o
    0x00002854   0x00002854   0x00000002   Code   RO          256    i.Hardware_LED_Red_TOGGLE  hardware.o
    0x00002856   0x00002856   0x00000002   PAD
    0x00002858   0x00002858   0x00000014   Code   RO          474    i.I2C_Init          hardware_i2c.o
    0x0000286c   0x0000286c   0x00000040   Code   RO          475    i.I2C_Read_Byte     hardware_i2c.o
    0x000028ac   0x000028ac   0x00000062   Code   RO          476    i.I2C_Read_Bytes    hardware_i2c.o
    0x0000290e   0x0000290e   0x00000030   Code   RO          477    i.I2C_Write_Byte    hardware_i2c.o
    0x0000293e   0x0000293e   0x00000002   PAD
    0x00002940   0x00002940   0x0000006c   Code   RO          478    i.IIC_RecvACK       hardware_i2c.o
    0x000029ac   0x000029ac   0x00000064   Code   RO          479    i.IIC_RecvByte      hardware_i2c.o
    0x00002a10   0x00002a10   0x0000008c   Code   RO          480    i.IIC_SendACK       hardware_i2c.o
    0x00002a9c   0x00002a9c   0x0000008c   Code   RO          481    i.IIC_SendByte      hardware_i2c.o
    0x00002b28   0x00002b28   0x0000005c   Code   RO          482    i.IIC_Start         hardware_i2c.o
    0x00002b84   0x00002b84   0x00000058   Code   RO          483    i.IIC_Stop          hardware_i2c.o
    0x00002bdc   0x00002bdc   0x0000002c   Code   RO         1357    i.IMU_Reset         imu.o
    0x00002c08   0x00002c08   0x00000158   Code   RO         1881    i.KernelPolling     kernel.o
    0x00002d60   0x00002d60   0x00000094   Code   RO         1025    i.LEDEventHandle    led.o
    0x00002df4   0x00002df4   0x00000148   Code   RO         1026    i.LEDInit           led.o
    0x00002f3c   0x00002f3c   0x0000003c   Code   RO          257    i.MCU_Init          hardware.o
    0x00002f78   0x00002f78   0x00000094   Code   RO         1084    i.MPU6050Init       mpu6050.o
    0x0000300c   0x0000300c   0x00000368   Code   RO         1789    i.MotorControl      control.o
    0x00003374   0x00003374   0x00000084   Code   RO          414    i.Motor_Init        motor.o
    0x000033f8   0x000033f8   0x000000c0   Code   RO         1732    i.PID_Init          init.o
    0x000034b8   0x000034b8   0x00000394   Code   RO         1978    i.POS_Ctrl          pos_ctrl.o
    0x0000384c   0x0000384c   0x00000002   Code   RO          184    i.PendSV_Handler    msp432_interrupt.o
    0x0000384e   0x0000384e   0x00000002   PAD
    0x00003850   0x00003850   0x00000010   Code   RO         2230    i.PollingGCS        gcs.o
    0x00003860   0x00003860   0x000001ac   Code   RO         1027    i.PollingLED        led.o
    0x00003a0c   0x00003a0c   0x00000160   Code   RO          565    i.PollingUSART      hardware_uart.o
    0x00003b6c   0x00003b6c   0x00000044   Code   RO         1418    i.Q_rsqrt           mymath.o
    0x00003bb0   0x00003bb0   0x00000178   Code   RO         1572    i.RCReceiveHandle   remote.o
    0x00003d28   0x00003d28   0x00000100   Code   RO         1574    i.RemoteUnlock      remote.o
    0x00003e28   0x00003e28   0x0000002c   Code   RO         1575    i.Remote_init       remote.o
    0x00003e54   0x00003e54   0x00000010   Code   RO         1143    i.ResetAlt          spl06.o
    0x00003e64   0x00003e64   0x00000064   Code   RO         1479    i.ResetPID          pid.o
    0x00003ec8   0x00003ec8   0x00000022   Code   RO         1144    i.SPL06Check        spl06.o
    0x00003eea   0x00003eea   0x00000002   PAD
    0x00003eec   0x00003eec   0x00000084   Code   RO         1145    i.SPL06Init         spl06.o
    0x00003f70   0x00003f70   0x00000002   Code   RO         1146    i.SPL06Update       spl06.o
    0x00003f72   0x00003f72   0x00000002   Code   RO          185    i.SVC_Handler       msp432_interrupt.o
    0x00003f74   0x00003f74   0x00000074   Code   RO          712    i.SysTick_Configuration  timer_drv.o
    0x00003fe8   0x00003fe8   0x00000060   Code   RO          713    i.SysTick_Handler   timer_drv.o
    0x00004048   0x00004048   0x0000023c   Code   RO        11019    i.SystemCoreClockUpdate  system_msp432p401r.o
    0x00004284   0x00004284   0x000000d8   Code   RO        11020    i.SystemInit        system_msp432p401r.o
    0x0000435c   0x0000435c   0x00000014   Code   RO         5778    i.Timer_A_setCompareValue  timer_a.o
    0x00004370   0x00004370   0x00000010   Code   RO          566    i.UART_A0_ReceiveHandle  hardware_uart.o
    0x00004380   0x00004380   0x00000002   Code   RO          567    i.UART_A1_ReceiveHandle  hardware_uart.o
    0x00004382   0x00004382   0x00000002   PAD
    0x00004384   0x00004384   0x0000001c   Code   RO          568    i.UART_A2_ReceiveHandle  hardware_uart.o
    0x000043a0   0x000043a0   0x00000002   Code   RO          569    i.UART_A3_ReceiveHandle  hardware_uart.o
    0x000043a2   0x000043a2   0x00000008   Code   RO         6031    i.UART_clearInterruptFlag  uart.o
    0x000043aa   0x000043aa   0x00000028   Code   RO         6049    i.UART_transmitData  uart.o
    0x000043d2   0x000043d2   0x00000002   PAD
    0x000043d4   0x000043d4   0x000001f8   Code   RO          570    i.USART_Init        hardware_uart.o
    0x000045cc   0x000045cc   0x00000094   Code   RO         2160    i.UpdateAction      followline_eg2.o
    0x00004660   0x00004660   0x00000070   Code   RO         2161    i.UpdateButton      followline_eg2.o
    0x000046d0   0x000046d0   0x00000020   Code   RO         2162    i.UpdateCentControl  followline_eg2.o
    0x000046f0   0x000046f0   0x000000b4   Code   RO          417    i.UpdateMotor       motor.o
    0x000047a4   0x000047a4   0x0000019c   Code   RO         1480    i.UpdatePID         pid.o
    0x00004940   0x00004940   0x00000110   Code   RO         1150    i.UpdateSPL06Info   spl06.o
    0x00004a50   0x00004a50   0x00000120   Code   RO         2163    i.UpdateStatus      followline_eg2.o
    0x00004b70   0x00004b70   0x00000038   Code   RO         1921    i.WZ_Est_Calcu      speed_estimator.o
    0x00004ba8   0x00004ba8   0x0000019c   Code   RO         1922    i.WZ_Fix_Calcu      speed_estimator.o
    0x00004d44   0x00004d44   0x00000040   Code   RO         1923    i.WZ_Fus_Reset      speed_estimator.o
    0x00004d84   0x00004d84   0x00000168   Code   RO         1924    i.WZ_Obs_Calcu      speed_estimator.o
    0x00004eec   0x00004eec   0x00000024   Code   RO        11234    i.__0sprintf$bare   mc_w.l(printfb.o)
    0x00004f10   0x00004f10   0x00000030   Code   RO        11529    i.__ARM_fpclassify  m_wm.l(fpclassify.o)
    0x00004f40   0x00004f40   0x00000026   Code   RO        11531    i.__ARM_fpclassifyf  m_wm.l(fpclassifyf.o)
    0x00004f66   0x00004f66   0x00000002   PAD
    0x00004f68   0x00004f68   0x00000360   Code   RO        11052    i.__hardfp_asin     m_wm.l(asin.o)
    0x000052c8   0x000052c8   0x000002ac   Code   RO        11066    i.__hardfp_atan2f   m_wm.l(atan2f.o)
    0x00005574   0x00005574   0x00000150   Code   RO        11078    i.__hardfp_cosf     m_wm.l(cosf.o)
    0x000056c4   0x000056c4   0x00000004   PAD
    0x000056c8   0x000056c8   0x00000c50   Code   RO        11138    i.__hardfp_pow      m_wm.l(pow.o)
    0x00006318   0x00006318   0x000000f8   Code   RO        11547    i.__kernel_poly     m_wm.l(poly.o)
    0x00006410   0x00006410   0x00000030   Code   RO        11515    i.__mathlib_dbl_divzero  m_wm.l(dunder.o)
    0x00006440   0x00006440   0x00000014   Code   RO        11516    i.__mathlib_dbl_infnan  m_wm.l(dunder.o)
    0x00006454   0x00006454   0x00000014   Code   RO        11517    i.__mathlib_dbl_infnan2  m_wm.l(dunder.o)
    0x00006468   0x00006468   0x00000020   Code   RO        11518    i.__mathlib_dbl_invalid  m_wm.l(dunder.o)
    0x00006488   0x00006488   0x00000020   Code   RO        11519    i.__mathlib_dbl_overflow  m_wm.l(dunder.o)
    0x000064a8   0x000064a8   0x00000020   Code   RO        11521    i.__mathlib_dbl_underflow  m_wm.l(dunder.o)
    0x000064c8   0x000064c8   0x00000006   Code   RO        11534    i.__mathlib_flt_infnan  m_wm.l(funder.o)
    0x000064ce   0x000064ce   0x00000006   Code   RO        11535    i.__mathlib_flt_infnan2  m_wm.l(funder.o)
    0x000064d4   0x000064d4   0x00000010   Code   RO        11536    i.__mathlib_flt_invalid  m_wm.l(funder.o)
    0x000064e4   0x000064e4   0x00000010   Code   RO        11539    i.__mathlib_flt_underflow  m_wm.l(funder.o)
    0x000064f4   0x000064f4   0x00000154   Code   RO        11550    i.__mathlib_rredf2  m_wm.l(rredf.o)
    0x00006648   0x00006648   0x0000000e   Code   RO        11602    i.__scatterload_copy  mc_w.l(handlers.o)
    0x00006656   0x00006656   0x00000002   Code   RO        11603    i.__scatterload_null  mc_w.l(handlers.o)
    0x00006658   0x00006658   0x0000000e   Code   RO        11604    i.__scatterload_zeroinit  mc_w.l(handlers.o)
    0x00006666   0x00006666   0x00000002   PAD
    0x00006668   0x00006668   0x0000000c   Code   RO        11578    i.__set_errno       mc_w.l(errno.o)
    0x00006674   0x00006674   0x00000022   Code   RO        11239    i._printf_core      mc_w.l(printfb.o)
    0x00006696   0x00006696   0x0000000a   Code   RO        11241    i._sputc            mc_w.l(printfb.o)
    0x000066a0   0x000066a0   0x0000002c   Code   RO          953    i.beep_init         beep.o
    0x000066cc   0x000066cc   0x00000064   Code   RO          954    i.beep_update       beep.o
    0x00006730   0x00006730   0x000001e8   Code   RO         1151    i.bsp_SPL06_Get_Calib_Coef  spl06.o
    0x00006918   0x00006918   0x000000c4   Code   RO         1152    i.bsp_SPL06_Get_Pressure  spl06.o
    0x000069dc   0x000069dc   0x00000040   Code   RO         1153    i.bsp_SPL06_Get_Pressure_Adc  spl06.o
    0x00006a1c   0x00006a1c   0x0000016a   Code   RO         1156    i.bsp_SPL06_Pressure_Rate_Set  spl06.o
    0x00006b86   0x00006b86   0x00000014   Code   RO         1157    i.bsp_SPL06_Set_And_Start_Measure  spl06.o
    0x00006b9a   0x00006b9a   0x0000017a   Code   RO         1158    i.bsp_SPL06_Temperature_Rate_Set  spl06.o
    0x00006d14   0x00006d14   0x00000056   Code   RO         1527    i.deQueue           queue.o
    0x00006d6a   0x00006d6a   0x0000000e   Code   RO          484    i.delay             hardware_i2c.o
    0x00006d78   0x00006d78   0x00000018   Code   RO        11106    i.fabs              m_wm.l(fabs.o)
    0x00006d90   0x00006d90   0x00000044   Code   RO         2242    i.gcs_init          gcs.o
    0x00006dd4   0x00006dd4   0x00000010   Code   RO            4    i.main              main.o
    0x00006de4   0x00006de4   0x00000070   Code   RO          916    i.power_init        power.o
    0x00006e54   0x00006e54   0x000000b4   Code   RO          917    i.power_update      power.o
    0x00006f08   0x00006f08   0x00000010   Code   RO         1481    i.reset_i           pid.o
    0x00006f18   0x00006f18   0x00000068   Code   RO         2019    i.sdk_init          sdk.o
    0x00006f80   0x00006f80   0x0000000c   Code   RO         2020    i.sdk_land          sdk.o
    0x00006f8c   0x00006f8c   0x00000014   Code   RO         2021    i.sdk_lock          sdk.o
    0x00006fa0   0x00006fa0   0x000000b0   Code   RO         2023    i.sdk_round_set     sdk.o
    0x00007050   0x00007050   0x00000018   Code   RO         2024    i.sdk_takeoff       sdk.o
    0x00007068   0x00007068   0x00000014   Code   RO         2025    i.sdk_unlock        sdk.o
    0x0000707c   0x0000707c   0x00000218   Code   RO         2026    i.sdk_update        sdk.o
    0x00007294   0x00007294   0x0000001c   Code   RO         2027    i.sdk_velocity_reset  sdk.o
    0x000072b0   0x000072b0   0x00000040   Code   RO         2030    i.sdk_velociyt_y_set  sdk.o
    0x000072f0   0x000072f0   0x000000c4   Code   RO         2033    i.sdk_yaw_set       sdk.o
    0x000073b4   0x000073b4   0x00000010   Code   RO         2034    i.sdk_yaw_stop      sdk.o
    0x000073c4   0x000073c4   0x0000004c   Code   RO          878    i.server_init       server.o
    0x00007410   0x00007410   0x0000006e   Code   RO        11180    i.sqrt              m_wm.l(sqrt.o)
    0x0000747e   0x0000747e   0x00000002   PAD
    0x00007480   0x00007480   0x00000090   Data   RO          573    .constdata          hardware_uart.o
    0x00007510   0x00007510   0x00000018   Data   RO          880    .constdata          server.o
    0x00007528   0x00007528   0x00000018   Data   RO         1424    .constdata          mymath.o
    0x00007540   0x00007540   0x00000050   Data   RO        11055    .constdata          m_wm.l(asin.o)
    0x00007590   0x00007590   0x00000088   Data   RO        11141    .constdata          m_wm.l(pow.o)
    0x00007618   0x00007618   0x00000008   Data   RO        11549    .constdata          m_wm.l(qnan.o)
    0x00007620   0x00007620   0x00000020   Data   RO        11551    .constdata          m_wm.l(rredf.o)
    0x00007640   0x00007640   0x00000020   Data   RO        11600    Region$$Table       anon$$obj.o


    Execution Region RW_IRAM1 (Exec base: 0x20000000, Load base: 0x00007660, Size: 0x00001a38, Max: 0x00010000, ABSOLUTE, COMPRESSED[0x00000074])

    Exec Addr    Load Addr    Size         Type   Attr      Idx    E Section Name        Object

    0x20000000   COMPRESSED   0x00000018   Data   RW          418    .data               motor.o
    0x20000018   COMPRESSED   0x00000001   Data   RW          485    .data               hardware_i2c.o
    0x20000019   COMPRESSED   0x00000003   PAD
    0x2000001c   COMPRESSED   0x0000000c   Data   RW          574    .data               hardware_uart.o
    0x20000028   COMPRESSED   0x00000008   Data   RW          714    .data               timer_drv.o
    0x20000030   COMPRESSED   0x0000000a   Data   RW          783    .data               ano_of.o
    0x2000003a   COMPRESSED   0x00000002   PAD
    0x2000003c   COMPRESSED   0x00000008   Data   RW          918    .data               power.o
    0x20000044   COMPRESSED   0x00000006   Data   RW          955    .data               beep.o
    0x2000004a   COMPRESSED   0x00000006   Data   RW          991    .data               battery.o
    0x20000050   COMPRESSED   0x0000000d   Data   RW         1028    .data               led.o
    0x2000005d   COMPRESSED   0x00000003   PAD
    0x20000060   COMPRESSED   0x00000008   Data   RW         1086    .data               mpu6050.o
    0x20000068   COMPRESSED   0x0000002c   Data   RW         1359    .data               imu.o
    0x20000094   COMPRESSED   0x00000006   Data   RW         1578    .data               remote.o
    0x2000009a   COMPRESSED   0x00000002   PAD
    0x2000009c   COMPRESSED   0x00000012   Data   RW         1791    .data               control.o
    0x200000ae   COMPRESSED   0x00000002   PAD
    0x200000b0   COMPRESSED   0x00000035   Data   RW         1835    .data               height_control.o
    0x200000e5   COMPRESSED   0x00000003   PAD
    0x200000e8   COMPRESSED   0x00000018   Data   RW         1883    .data               kernel.o
    0x20000100   COMPRESSED   0x0000004c   Data   RW         1926    .data               speed_estimator.o
    0x2000014c   COMPRESSED   0x00000048   Data   RW         1979    .data               pos_ctrl.o
    0x20000194   COMPRESSED   0x0000000c   Data   RW         2036    .data               sdk.o
    0x200001a0   COMPRESSED   0x00000023   Data   RW         2165    .data               followline_eg2.o
    0x200001c3   COMPRESSED   0x00000001   PAD
    0x200001c4   COMPRESSED   0x00000018   Data   RW         2244    .data               gcs.o
    0x200001dc   COMPRESSED   0x00000020   Data   RW         2363    .data               ano_dt.o
    0x200001fc   COMPRESSED   0x00000030   Data   RW         3924    .data               gpio.o
    0x2000022c   COMPRESSED   0x00000004   Data   RW        11021    .data               system_msp432p401r.o
    0x20000230   COMPRESSED   0x00000004   Data   RW        11579    .data               mc_w.l(errno.o)
    0x20000234        -       0x00000730   Zero   RW          572    .bss                hardware_uart.o
    0x20000964        -       0x0000007a   Zero   RW          782    .bss                ano_of.o
    0x200009de   COMPRESSED   0x00000002   PAD
    0x200009e0        -       0x00000058   Zero   RW         1085    .bss                mpu6050.o
    0x20000a38        -       0x000000a4   Zero   RW         1159    .bss                spl06.o
    0x20000adc        -       0x0000000c   Zero   RW         1358    .bss                imu.o
    0x20000ae8        -       0x00000374   Zero   RW         1482    .bss                pid.o
    0x20000e5c        -       0x00000070   Zero   RW         1577    .bss                remote.o
    0x20000ecc        -       0x0000000c   Zero   RW         1790    .bss                control.o
    0x20000ed8        -       0x00000024   Zero   RW         1834    .bss                height_control.o
    0x20000efc        -       0x0000000c   Zero   RW         1925    .bss                speed_estimator.o
    0x20000f08        -       0x000000f8   Zero   RW         2035    .bss                sdk.o
    0x20001000        -       0x00000030   Zero   RW         2164    .bss                followline_eg2.o
    0x20001030        -       0x0000002c   Zero   RW         2243    .bss                gcs.o
    0x2000105c        -       0x000002d6   Zero   RW         2362    .bss                ano_dt.o
    0x20001332   COMPRESSED   0x00000006   PAD
    0x20001338        -       0x00000700   Zero   RW        11009    STACK               startup_msp432p401r_uvision.o


==============================================================================

Image component sizes


      Code (inc. data)   RO Data    RW Data    ZI Data      Debug   Object Name

      1298         70          0         32        726       8480   ano_dt.o
       638         46          0         10        122       4403   ano_of.o
         0          0          0          6          0        540   battery.o
       144         18          0          6          0       1648   beep.o
      1420        100          0         18         12       4212   control.o
       928        122          0         35         48       8533   followline_eg2.o
        84         36          0         24         44       3471   gcs.o
        20          6          0         48          0       1753   gpio.o
       144         28          0          0          0       3243   hardware.o
       912         42          0          1          0       6634   hardware_i2c.o
      1624        112        144         12       1840      13264   hardware_uart.o
      1184        154          0         53         36       2613   height_control.o
      1456         82          0         44         12       3070   imu.o
       280         54          0          0          0       2243   init.o
       344         38          0         24          0       2030   kernel.o
       904         40          0         13          0       3815   led.o
        16          0          0          0          0     204608   main.o
       312         16          0         24          0       1423   motor.o
       888         38          0          8         88       4208   mpu6050.o
         8          0          0          0          0       3654   msp432_interrupt.o
        68          4         24          0          0        917   mymath.o
       566         24          0          0        884       3537   pid.o
       916         78          0         72          0       1852   pos_ctrl.o
       292         30          0          8          0       1771   power.o
        86          0          0          0          0       1613   queue.o
      1532        124          0          6        112       4606   remote.o
      1196        160          0         12        248       6989   sdk.o
        76         12         24          0          0        514   server.o
       892        160          0         76         12       3965   speed_estimator.o
      1964         94          0          0        164      12904   spl06.o
        36          8        324          0       1792        848   startup_msp432p401r_uvision.o
       788         86          0          4          0       1767   system_msp432p401r.o
        20          0          0          0          0        638   timer_a.o
       330         54          0          8          0      33534   timer_drv.o
        48          0          0          0          0       1090   uart.o

    ----------------------------------------------------------------------
     21436       1836        548        560       6148     360390   Object Totals
         0          0         32          0          0          0   (incl. Generated)
        22          0          0         16          8          0   (incl. Padding)

    ----------------------------------------------------------------------

      Code (inc. data)   RO Data    RW Data    ZI Data      Debug   Library Member Name

       864         94         80          0          0        280   asin.o
       684         90          0          0          0        208   atan2f.o
       336         56          0          0          0        136   cosf.o
       184         44          0          0          0        744   dunder.o
        24          0          0          0          0        124   fabs.o
        48          0          0          0          0        124   fpclassify.o
        38          0          0          0          0        116   fpclassifyf.o
        44         12          0          0          0        464   funder.o
       248          0          0          0          0        152   poly.o
      3152        296        136          0          0        352   pow.o
         0          0          8          0          0          0   qnan.o
       340         24         32          0          0        160   rredf.o
       110          0          0          0          0        148   sqrt.o
        86          0          0          0          0          0   __dczerorl2.o
         0          0          0          0          0          0   entry.o
         0          0          0          0          0          0   entry10a.o
         0          0          0          0          0          0   entry11a.o
         4          0          0          0          0          0   entry12b.o
         8          4          0          0          0          0   entry2.o
         4          0          0          0          0          0   entry5.o
         0          0          0          0          0          0   entry7b.o
         0          0          0          0          0          0   entry8b.o
         8          4          0          0          0          0   entry9a.o
        12          6          0          4          0         68   errno.o
        30          0          0          0          0          0   handlers.o
        36          8          0          0          0         68   init.o
         0          0          0          0          0          0   iusefp.o
        30          0          0          0          0         68   llshl.o
        36          0          0          0          0         68   llsshr.o
        32          0          0          0          0         68   llushr.o
        36          0          0          0          0         68   memcpya.o
        36          0          0          0          0        108   memseta.o
        80          4          0          0          0        236   printfb.o
        48          0          0          0          0         68   cdrcmple.o
        56          0          0          0          0         88   d2f.o
       334          0          0          0          0        148   dadd.o
       222          0          0          0          0        100   ddiv.o
       186          0          0          0          0        176   depilogue.o
        50          0          0          0          0         76   dfixui.o
        34          0          0          0          0         76   dflti.o
        26          0          0          0          0         76   dfltui.o
       228          0          0          0          0         96   dmul.o
        46          0          0          0          0         80   dscalb.o
       162          0          0          0          0        100   dsqrt.o
        38          0          0          0          0         68   f2d.o
       110          0          0          0          0        168   fepilogue.o

    ----------------------------------------------------------------------
      8064        646        256          4          0       5080   Library Totals
        14          4          0          0          0          0   (incl. Padding)

    ----------------------------------------------------------------------

      Code (inc. data)   RO Data    RW Data    ZI Data      Debug   Library Name

      6072        616        256          0          0       3008   m_wm.l
       438         26          0          4          0        752   mc_w.l
      1540          0          0          0          0       1320   mf_w.l

    ----------------------------------------------------------------------
      8064        646        256          4          0       5080   Library Totals

    ----------------------------------------------------------------------

==============================================================================


      Code (inc. data)   RO Data    RW Data    ZI Data      Debug   

     29500       2482        804        564       6148     352014   Grand Totals
     29500       2482        804        116       6148     352014   ELF Image Totals (compressed)
     29500       2482        804        116          0          0   ROM Totals

==============================================================================

    Total RO  Size (Code + RO Data)                30304 (  29.59kB)
    Total RW  Size (RW Data + ZI Data)              6712 (   6.55kB)
    Total ROM Size (Code + RO Data + RW Data)      30420 (  29.71kB)

==============================================================================

