Component: ARM Compiler 5.06 update 4 (build 422) Tool: armlink [4d35d2]

==============================================================================

Section Cross References

    main.o(i.main) refers to hardware.o(i.MCU_Init) for MCU_Init
    main.o(i.main) refers to init.o(i.Hadrware_Init) for Hadrware_Init
    main.o(i.main) refers to kernel.o(i.KernelPolling) for KernelPolling
    hardware.o(i.MCU_Init) refers to system_msp432p401r.o(i.SystemCoreClockUpdate) for SystemCoreClockUpdate
    hardware.o(i.MCU_Init) refers to timer_drv.o(i.SysTick_Configuration) for SysTick_Configuration
    hardware.o(i.MCU_Init) refers to motor.o(i.Motor_Init) for Motor_Init
    hardware.o(i.MCU_Init) refers to timer_drv.o(i.Delay_ms) for Delay_ms
    hardware.o(i.MCU_Init) refers to hardware_i2c.o(i.I2C_Init) for I2C_Init
    hardware.o(i.MCU_Init) refers to hardware_uart.o(i.USART_Init) for USART_Init
    motor.o(i.Motor_Calc) refers to gpio.o(i.GPIO_setAsInputPinWithPullUpResistor) for GPIO_setAsInputPinWithPullUpResistor
    motor.o(i.Motor_Calc) refers to eeprom.o(i.HAL_EEPROM_Write) for HAL_EEPROM_Write
    motor.o(i.Motor_Calc) refers to eeprom.o(i.HAL_EEPROM_Read) for HAL_EEPROM_Read
    motor.o(i.Motor_Calc) refers to timer_a.o(i.Timer_A_setCompareValue) for Timer_A_setCompareValue
    motor.o(i.Motor_Calc) refers to timer_drv.o(i.Delay_ms) for Delay_ms
    motor.o(i.Motor_Init) refers to motor.o(.data) for pwmConfig
    motor.o(i.UpdateMotor) refers to timer_a.o(i.Timer_A_setCompareValue) for Timer_A_setCompareValue
    hardware_i2c.o(i.I2C_Read_Byte) refers to hardware_i2c.o(i.IIC_Start) for IIC_Start
    hardware_i2c.o(i.I2C_Read_Byte) refers to hardware_i2c.o(i.IIC_SendByte) for IIC_SendByte
    hardware_i2c.o(i.I2C_Read_Byte) refers to hardware_i2c.o(i.IIC_RecvACK) for IIC_RecvACK
    hardware_i2c.o(i.I2C_Read_Byte) refers to hardware_i2c.o(i.IIC_RecvByte) for IIC_RecvByte
    hardware_i2c.o(i.I2C_Read_Byte) refers to hardware_i2c.o(i.IIC_SendACK) for IIC_SendACK
    hardware_i2c.o(i.I2C_Read_Byte) refers to hardware_i2c.o(i.IIC_Stop) for IIC_Stop
    hardware_i2c.o(i.I2C_Read_Bytes) refers to hardware_i2c.o(i.IIC_Start) for IIC_Start
    hardware_i2c.o(i.I2C_Read_Bytes) refers to hardware_i2c.o(i.IIC_SendByte) for IIC_SendByte
    hardware_i2c.o(i.I2C_Read_Bytes) refers to hardware_i2c.o(i.IIC_RecvACK) for IIC_RecvACK
    hardware_i2c.o(i.I2C_Read_Bytes) refers to hardware_i2c.o(i.IIC_RecvByte) for IIC_RecvByte
    hardware_i2c.o(i.I2C_Read_Bytes) refers to hardware_i2c.o(i.IIC_SendACK) for IIC_SendACK
    hardware_i2c.o(i.I2C_Read_Bytes) refers to hardware_i2c.o(i.IIC_Stop) for IIC_Stop
    hardware_i2c.o(i.I2C_Write_Byte) refers to hardware_i2c.o(i.IIC_Start) for IIC_Start
    hardware_i2c.o(i.I2C_Write_Byte) refers to hardware_i2c.o(i.IIC_SendByte) for IIC_SendByte
    hardware_i2c.o(i.I2C_Write_Byte) refers to hardware_i2c.o(i.IIC_RecvACK) for IIC_RecvACK
    hardware_i2c.o(i.I2C_Write_Byte) refers to hardware_i2c.o(i.IIC_Stop) for IIC_Stop
    hardware_i2c.o(i.IIC_RecvACK) refers to hardware_i2c.o(i.IIC_Stop) for IIC_Stop
    hardware_i2c.o(i.IIC_RecvACK) refers to hardware_i2c.o(i.delay) for delay
    hardware_i2c.o(i.IIC_RecvACK) refers to hardware_i2c.o(.data) for Ack_Count
    hardware_i2c.o(i.IIC_RecvByte) refers to hardware_i2c.o(i.delay) for delay
    hardware_i2c.o(i.IIC_SendACK) refers to hardware_i2c.o(i.delay) for delay
    hardware_i2c.o(i.IIC_SendByte) refers to hardware_i2c.o(i.delay) for delay
    hardware_i2c.o(i.IIC_Start) refers to hardware_i2c.o(i.delay) for delay
    hardware_i2c.o(i.IIC_Stop) refers to hardware_i2c.o(i.delay) for delay
    hardware_uart.o(i.EUSCIA0_IRQHandler) refers to uart.o(i.UART_clearInterruptFlag) for UART_clearInterruptFlag
    hardware_uart.o(i.EUSCIA0_IRQHandler) refers to ano_of.o(i.AnoOF_GetOneByte) for AnoOF_GetOneByte
    hardware_uart.o(i.EUSCIA0_IRQHandler) refers to uart.o(i.UART_transmitData) for UART_transmitData
    hardware_uart.o(i.EUSCIA0_IRQHandler) refers to hardware_uart.o(.bss) for UsartGroup
    hardware_uart.o(i.EUSCIA1_IRQHandler) refers to uart.o(i.UART_clearInterruptFlag) for UART_clearInterruptFlag
    hardware_uart.o(i.EUSCIA1_IRQHandler) refers to uart.o(i.UART_transmitData) for UART_transmitData
    hardware_uart.o(i.EUSCIA1_IRQHandler) refers to hardware_uart.o(.bss) for UsartGroup
    hardware_uart.o(i.EUSCIA2_IRQHandler) refers to uart.o(i.UART_clearInterruptFlag) for UART_clearInterruptFlag
    hardware_uart.o(i.EUSCIA2_IRQHandler) refers to hardware_uart.o(i.UART_A2_ReceiveHandle) for UART_A2_ReceiveHandle
    hardware_uart.o(i.EUSCIA2_IRQHandler) refers to hardware_uart.o(.bss) for UsartGroup
    hardware_uart.o(i.EUSCIA3_IRQHandler) refers to uart.o(i.UART_clearInterruptFlag) for UART_clearInterruptFlag
    hardware_uart.o(i.EUSCIA3_IRQHandler) refers to ano_gcs_dt.o(i.ANO_DT_Data_Receive_Prepare) for ANO_DT_Data_Receive_Prepare
[...]
    .text                                    0x000005de   Section        0  llsshr.o(.text)
    .text                                    0x00000602   Section        0  iusefp.o(.text)
    .text                                    0x00000602   Section        0  fepilogue.o(.text)
    .text                                    0x00000670   Section        0  depilogue.o(.text)
    .text                                    0x0000072a   Section        0  dscalb.o(.text)
    .text                                    0x00000758   Section       48  cdrcmple.o(.text)
    .text                                    0x00000788   Section       36  init.o(.text)
    .text                                    0x000007ac   Section        0  dsqrt.o(.text)
    .text                                    0x0000084e   Section        0  __dczerorl.o(.text)
    i.ALT_Ctrl                               0x00000888   Section        0  height_control.o(i.ALT_Ctrl)
    i.ANO_DT_Data_Receive_Anl                0x00000cc0   Section        0  ano_gcs_dt.o(i.ANO_DT_Data_Receive_Anl)
    i.ANO_DT_Data_Receive_Anl_Task           0x00000d70   Section        0  ano_gcs_dt.o(i.ANO_DT_Data_Receive_Anl_Task)
    i.ANO_DT_Data_Receive_Prepare            0x00000d9c   Section        0  ano_gcs_dt.o(i.ANO_DT_Data_Receive_Prepare)
    i.ANO_DT_SendCmd                         0x00000e88   Section        0  ano_gcs_dt.o(i.ANO_DT_SendCmd)
    ANO_DT_SendCmd                           0x00000e89   Thumb Code   240  ano_gcs_dt.o(i.ANO_DT_SendCmd)
    i.ANO_DT_Send_Data                       0x00000f7c   Section        0  ano_gcs_dt.o(i.ANO_DT_Send_Data)
    ANO_DT_Send_Data                         0x00000f7d   Thumb Code    18  ano_gcs_dt.o(i.ANO_DT_Send_Data)
    i.ATT_Update                             0x00000f98   Section        0  imu.o(i.ATT_Update)
    i.ActionFormChange                       0x00001438   Section        0  followline.o(i.ActionFormChange)
    i.ActionHoldPoint                        0x00001478   Section        0  followline.o(i.ActionHoldPoint)
    i.AnalyRC                                0x000014a0   Section        0  remote.o(i.AnalyRC)
    i.AnoOF_Check                            0x000017e0   Section        0  ano_of.o(i.AnoOF_Check)
    AnoOF_Check                              0x000017e1   Thumb Code   108  ano_of.o(i.AnoOF_Check)
    i.AnoOF_DataAnl                          0x00001858   Section        0  ano_of.o(i.AnoOF_DataAnl)
    i.AnoOF_GetOneByte                       0x00001930   Section        0  ano_of.o(i.AnoOF_GetOneByte)
    i.AnoOF_State_Get                        0x00001a30   Section        0  ano_of.o(i.AnoOF_State_Get)
    AnoOF_State_Get                          0x00001a31   Thumb Code    30  ano_of.o(i.AnoOF_State_Get)
    i.AnoOF_State_Task                       0x00001a54   Section        0  ano_of.o(i.AnoOF_State_Task)
    i.ClacCascadePID                         0x00001a5e   Section        0  pid.o(i.ClacCascadePID)
    i.Delay_ms                               0x00001a84   Section        0  timer_drv.o(i.Delay_ms)
    i.Delay_us                               0x00001a9e   Section        0  timer_drv.o(i.Delay_us)
    i.EUSCIA0_IRQHandler                     0x00001ab8   Section        0  hardware_uart.o(i.EUSCIA0_IRQHandler)
    i.EUSCIA1_IRQHandler                     0x00001b44   Section        0  hardware_uart.o(i.EUSCIA1_IRQHandler)
    i.EUSCIA2_IRQHandler                     0x00001c00   Section        0  hardware_uart.o(i.EUSCIA2_IRQHandler)
    i.EUSCIA3_IRQHandler                     0x00001ca0   Section        0  hardware_uart.o(i.EUSCIA3_IRQHandler)
    i.EUSCIB0_IRQHandler                     0x00001d64   Section        0  msp432_interrupt.o(i.EUSCIB0_IRQHandler)
    i.FC_Unlock_Fun                          0x00001d68   Section        0  program_ctrl.o(i.FC_Unlock_Fun)
    FC_Unlock_Fun                            0x00001d69   Thumb Code    16  program_ctrl.o(i.FC_Unlock_Fun)
    i.FlightPidControl                       0x00001d7c   Section        0  control.o(i.FlightPidControl)
    i.FlyCtrlReset                           0x00001f98   Section        0  program_ctrl.o(i.FlyCtrlReset)
    i.Follow_Init                            0x00002008   Section        0  followline.o(i.Follow_Init)
    i.GetAngle                               0x000020e0   Section        0  imu.o(i.GetAngle)
    i.GetMPU6050Data                         0x000021c4   Section        0  mpu6050.o(i.GetMPU6050Data)
    i.GetMPU6050Offset                       0x000022b4   Section        0  mpu6050.o(i.GetMPU6050Offset)
    i.GetSysTime_us                          0x00002430   Section        0  timer_drv.o(i.GetSysTime_us)
    i.Hadrware_Init                          0x00002474   Section        0  init.o(i.Hadrware_Init)
    i.HardFault_Handler                      0x0000249c   Section        0  msp432_interrupt.o(i.HardFault_Handler)
    i.Hardware_LED_Green_OFF                 0x000024a0   Section        0  hardware.o(i.Hardware_LED_Green_OFF)
    i.Hardware_LED_Green_ON                  0x000024b4   Section        0  hardware.o(i.Hardware_LED_Green_ON)
    i.Hardware_LED_Green_TOGGLE              0x000024c8   Section        0  hardware.o(i.Hardware_LED_Green_TOGGLE)
    i.Hardware_LED_MOTOR1_OFF                0x000024ca   Section        0  hardware.o(i.Hardware_LED_MOTOR1_OFF)
    i.Hardware_LED_MOTOR1_ON                 0x000024cc   Section        0  hardware.o(i.Hardware_LED_MOTOR1_ON)
    i.Hardware_LED_MOTOR1_TOGGLE             0x000024ce   Section        0  hardware.o(i.Hardware_LED_MOTOR1_TOGGLE)
    i.Hardware_LED_MOTOR2_OFF                0x000024d0   Section        0  hardware.o(i.Hardware_LED_MOTOR2_OFF)
    i.Hardware_LED_MOTOR2_ON                 0x000024d2   Section        0  hardware.o(i.Hardware_LED_MOTOR2_ON)
    i.Hardware_LED_MOTOR2_TOGGLE             0x000024d4   Section        0  hardware.o(i.Hardware_LED_MOTOR2_TOGGLE)
    i.Hardware_LED_MOTOR3_OFF                0x000024d6   Section        0  hardware.o(i.Hardware_LED_MOTOR3_OFF)
    i.Hardware_LED_MOTOR3_ON                 0x000024d8   Section        0  hardware.o(i.Hardware_LED_MOTOR3_ON)
    i.Hardware_LED_MOTOR3_TOGGLE             0x000024da   Section        0  hardware.o(i.Hardware_LED_MOTOR3_TOGGLE)
    i.Hardware_LED_MOTOR4_OFF                0x000024dc   Section        0  hardware.o(i.Hardware_LED_MOTOR4_OFF)
    i.Hardware_LED_MOTOR4_ON                 0x000024de   Section        0  hardware.o(i.Hardware_LED_MOTOR4_ON)
    i.Hardware_LED_MOTOR4_TOGGLE             0x000024e0   Section        0  hardware.o(i.Hardware_LED_MOTOR4_TOGGLE)
    i.Hardware_LED_Red_OFF                   0x000024e4   Section        0  hardware.o(i.Hardware_LED_Red_OFF)
    i.Hardware_LED_Red_ON                    0x000024f8   Section        0  hardware.o(i.Hardware_LED_Red_ON)
    i.Hardware_LED_Red_TOGGLE                0x0000250c   Section        0  hardware.o(i.Hardware_LED_Red_TOGGLE)
    i.HoldCurrentPostion                     0x00002510   Section        0  followline.o(i.HoldCurrentPostion)
    i.I2C_Init                               0x0000258c   Section        0  hardware_i2c.o(i.I2C_Init)
    i.I2C_Read_Byte                          0x000025a0   Section        0  hardware_i2c.o(i.I2C_Read_Byte)
    i.I2C_Read_Bytes                         0x000025e0   Section        0  hardware_i2c.o(i.I2C_Read_Bytes)
    i.I2C_Write_Byte                         0x00002642   Section        0  hardware_i2c.o(i.I2C_Write_Byte)
    i.IIC_RecvACK                            0x00002674   Section        0  hardware_i2c.o(i.IIC_RecvACK)
    i.IIC_RecvByte                           0x000026e0   Section        0  hardware_i2c.o(i.IIC_RecvByte)
    i.IIC_SendACK                            0x00002744   Section        0  hardware_i2c.o(i.IIC_SendACK)
    i.IIC_SendByte                           0x000027d0   Section        0  hardware_i2c.o(i.IIC_SendByte)
    i.IIC_Start                              0x0000285c   Section        0  hardware_i2c.o(i.IIC_Start)
    i.IIC_Stop                               0x000028b8   Section        0  hardware_i2c.o(i.IIC_Stop)
    i.KernelPolling                          0x00002910   Section        0  kernel.o(i.KernelPolling)
    i.LEDEventHandle                         0x00002a50   Section        0  led.o(i.LEDEventHandle)
    i.LEDInit                                0x00002ae4   Section        0  led.o(i.LEDInit)
    i.MCU_Init                               0x00002b54   Section        0  hardware.o(i.MCU_Init)
    i.MPU6050Init                            0x00002b88   Section        0  mpu6050.o(i.MPU6050Init)
    i.MotorControl                           0x00002c1c   Section        0  control.o(i.MotorControl)
    i.Motor_Init                             0x00002f7c   Section        0  motor.o(i.Motor_Init)
    i.One_Key_Land                           0x00003000   Section        0  program_ctrl.o(i.One_Key_Land)
    i.One_Key_Take_off_Land_Ctrl_Task        0x00003014   Section        0  program_ctrl.o(i.One_Key_Take_off_Land_Ctrl_Task)
    i.One_Key_Takeoff                        0x00003158   Section        0  program_ctrl.o(i.One_Key_Takeoff)
    i.PID_Init                               0x00003170   Section        0  init.o(i.PID_Init)
    i.POS_Ctrl                               0x00003224   Section        0  pos_ctrl.o(i.POS_Ctrl)
    i.PendSV_Handler                         0x000035b8   Section        0  msp432_interrupt.o(i.PendSV_Handler)
    i.PollingGCS                             0x000035bc   Section        0  gcs.o(i.PollingGCS)
    i.PollingLED                             0x000035d4   Section        0  led.o(i.PollingLED)
    i.PollingUSART                           0x000036cc   Section        0  hardware_uart.o(i.PollingUSART)
    i.Program_Ctrl_DataAnl                   0x0000382c   Section        0  program_ctrl.o(i.Program_Ctrl_DataAnl)
    i.Program_Ctrl_Task                      0x00003830   Section        0  program_ctrl.o(i.Program_Ctrl_Task)
    i.Q_rsqrt                                0x00003cf8   Section        0  mymath.o(i.Q_rsqrt)
    i.RCReceiveHandle                        0x00003d3c   Section        0  remote.o(i.RCReceiveHandle)
    i.RemoteUnlock                           0x00003ebc   Section        0  remote.o(i.RemoteUnlock)
    i.ResetAlt                               0x00003fb0   Section        0  spl06.o(i.ResetAlt)
    i.ResetPID                               0x00003fc0   Section        0  pid.o(i.ResetPID)
    i.SPL06Check                             0x0000401c   Section        0  spl06.o(i.SPL06Check)
    i.SPL06Init                              0x00004040   Section        0  spl06.o(i.SPL06Init)
    i.SPL06Update                            0x000040c4   Section        0  spl06.o(i.SPL06Update)
    i.SVC_Handler                            0x000040c6   Section        0  msp432_interrupt.o(i.SVC_Handler)
    i.SysTick_Configuration                  0x000040c8   Section        0  timer_drv.o(i.SysTick_Configuration)
    i.SysTick_Handler                        0x0000413c   Section        0  timer_drv.o(i.SysTick_Handler)
    i.SystemCoreClockUpdate                  0x00004158   Section        0  system_msp432p401r.o(i.SystemCoreClockUpdate)
    i.SystemInit                             0x00004394   Section        0  system_msp432p401r.o(i.SystemInit)
    i.Timer_A_setCompareValue                0x0000446c   Section        0  timer_a.o(i.Timer_A_setCompareValue)
    i.UART_A0_ReceiveHandle                  0x00004480   Section        0  hardware_uart.o(i.UART_A0_ReceiveHandle)
    i.UART_A1_ReceiveHandle                  0x00004490   Section        0  hardware_uart.o(i.UART_A1_ReceiveHandle)
    i.UART_A2_ReceiveHandle                  0x000044f0   Section        0  hardware_uart.o(i.UART_A2_ReceiveHandle)
    i.UART_A3_ReceiveHandle                  0x0000450c   Section        0  hardware_uart.o(i.UART_A3_ReceiveHandle)
    i.UART_clearInterruptFlag                0x0000450e   Section        0  uart.o(i.UART_clearInterruptFlag)
    i.UART_transmitData                      0x00004516   Section        0  uart.o(i.UART_transmitData)
    i.USART_Init                             0x00004540   Section        0  hardware_uart.o(i.USART_Init)
    i.USART_TX                               0x0000472c   Section        0  hardware_uart.o(i.USART_TX)
    i.UpdateAction                           0x00004778   Section        0  followline.o(i.UpdateAction)
    i.UpdateButton                           0x000048bc   Section        0  followline.o(i.UpdateButton)
    i.UpdateCMD                              0x000048ec   Section        0  program_ctrl.o(i.UpdateCMD)
    i.UpdateCentControl                      0x00004908   Section        0  followline.o(i.UpdateCentControl)
    i.UpdateDebugInfo                        0x00004948   Section        0  followline.o(i.UpdateDebugInfo)
    i.UpdateMotor                            0x000049a0   Section        0  motor.o(i.UpdateMotor)
    i.UpdatePID                              0x00004a54   Section        0  pid.o(i.UpdatePID)
    i.UpdateSPL06Info                        0x00004bbc   Section        0  spl06.o(i.UpdateSPL06Info)
    i.UpdateStatus                           0x00004ccc   Section        0  followline.o(i.UpdateStatus)
    i.UpdateToGCSLine2                       0x00004e60   Section        0  gcs.o(i.UpdateToGCSLine2)
    i.UpdateUSBQueue                         0x00004ecc   Section        0  gcs.o(i.UpdateUSBQueue)
    i.WZ_Est_Calcu                           0x00004ef8   Section        0  speed_estimator.o(i.WZ_Est_Calcu)
    i.WZ_Fix_Calcu                           0x00004f30   Section        0  speed_estimator.o(i.WZ_Fix_Calcu)
    i.WZ_Fus_Reset                           0x000050cc   Section        0  speed_estimator.o(i.WZ_Fus_Reset)
    i.WZ_Obs_Calcu                           0x000050f8   Section        0  speed_estimator.o(i.WZ_Obs_Calcu)
    i.ZKHD_Link_GCS_To_FMU_Handle            0x00005224   Section        0  zkhd_link.o(i.ZKHD_Link_GCS_To_FMU_Handle)
    i.ZKHD_Link_GCS_To_Remote_Handle         0x00005238   Section        0  zkhd_link.o(i.ZKHD_Link_GCS_To_Remote_Handle)
    i.ZKHD_Link_Handle                       0x0000523a   Section        0  zkhd_link.o(i.ZKHD_Link_Handle)
    i.__0sprintf$bare                        0x00005268   Section        0  printfb.o(i.__0sprintf$bare)
    i.__ARM_fpclassify                       0x0000528c   Section        0  fpclassify.o(i.__ARM_fpclassify)
    i.__ARM_fpclassifyf                      0x000052bc   Section        0  fpclassifyf.o(i.__ARM_fpclassifyf)
    i.__hardfp_asin                          0x000052e8   Section        0  asin.o(i.__hardfp_asin)
    i.__hardfp_atan2f                        0x00005648   Section        0  atan2f.o(i.__hardfp_atan2f)
    i.__hardfp_pow                           0x00005898   Section        0  pow.o(i.__hardfp_pow)
    i.__kernel_poly                          0x000064e8   Section        0  poly.o(i.__kernel_poly)
    i.__mathlib_dbl_divzero                  0x000065e0   Section        0  dunder.o(i.__mathlib_dbl_divzero)
    i.__mathlib_dbl_infnan                   0x00006610   Section        0  dunder.o(i.__mathlib_dbl_infnan)
    i.__mathlib_dbl_infnan2                  0x00006624   Section        0  dunder.o(i.__mathlib_dbl_infnan2)
    i.__mathlib_dbl_invalid                  0x00006638   Section        0  dunder.o(i.__mathlib_dbl_invalid)
    i.__mathlib_dbl_overflow                 0x00006658   Section        0  dunder.o(i.__mathlib_dbl_overflow)
    i.__mathlib_dbl_underflow                0x00006678   Section        0  dunder.o(i.__mathlib_dbl_underflow)
    i.__mathlib_flt_infnan2                  0x00006698   Section        0  funder.o(i.__mathlib_flt_infnan2)
    i.__mathlib_flt_underflow                0x000066a0   Section        0  funder.o(i.__mathlib_flt_underflow)
    i.__scatterload_copy                     0x000066b0   Section       14  handlers.o(i.__scatterload_copy)
    i.__scatterload_null                     0x000066be   Section        2  handlers.o(i.__scatterload_null)
    i.__scatterload_zeroinit                 0x000066c0   Section       14  handlers.o(i.__scatterload_zeroinit)
    i.__set_errno                            0x000066d0   Section        0  errno.o(i.__set_errno)
    i._printf_core                           0x000066dc   Section        0  printfb.o(i._printf_core)
    _printf_core                             0x000066dd   Thumb Code    34  printfb.o(i._printf_core)
    i._sputc                                 0x000066fe   Section        0  printfb.o(i._sputc)
    _sputc                                   0x000066ff   Thumb Code    10  printfb.o(i._sputc)
    i.bsp_SPL06_Get_Calib_Coef               0x00006708   Section        0  spl06.o(i.bsp_SPL06_Get_Calib_Coef)
    i.bsp_SPL06_Get_Pressure                 0x000068f0   Section        0  spl06.o(i.bsp_SPL06_Get_Pressure)
    i.bsp_SPL06_Get_Pressure_Adc             0x000069b4   Section        0  spl06.o(i.bsp_SPL06_Get_Pressure_Adc)
    i.bsp_SPL06_Pressure_Rate_Set            0x000069f4   Section        0  spl06.o(i.bsp_SPL06_Pressure_Rate_Set)
    i.bsp_SPL06_Set_And_Start_Measure        0x00006b5e   Section        0  spl06.o(i.bsp_SPL06_Set_And_Start_Measure)
    i.bsp_SPL06_Temperature_Rate_Set         0x00006b72   Section        0  spl06.o(i.bsp_SPL06_Temperature_Rate_Set)
    i.deQueue                                0x00006cec   Section        0  queue.o(i.deQueue)
    i.delay                                  0x00006d42   Section        0  hardware_i2c.o(i.delay)
    i.enQueue                                0x00006d50   Section        0  queue.o(i.enQueue)
    i.fabs                                   0x00006da4   Section        0  fabs.o(i.fabs)
    i.gcs_ReceiveHandle                      0x00006dbc   Section        0  gcs.o(i.gcs_ReceiveHandle)
    i.gcs_init                               0x00006e7c   Section        0  gcs.o(i.gcs_init)
    i.main                                   0x00006ec0   Section        0  main.o(i.main)
    i.sqrt                                   0x00006ed0   Section        0  sqrt.o(i.sqrt)
    .constdata                               0x00006f40   Section      144  hardware_uart.o(.constdata)
    .constdata                               0x00006fd0   Section       24  mymath.o(.constdata)
    .constdata                               0x00006fe8   Section       80  asin.o(.constdata)
    pS                                       0x00006fe8   Data          48  asin.o(.constdata)
    qS                                       0x00007018   Data          32  asin.o(.constdata)
    .constdata                               0x00007038   Section      136  pow.o(.constdata)
    bp                                       0x00007038   Data          16  pow.o(.constdata)
    dp_h                                     0x00007048   Data          16  pow.o(.constdata)
    dp_l                                     0x00007058   Data          16  pow.o(.constdata)
    L                                        0x00007068   Data          48  pow.o(.constdata)
    P                                        0x00007098   Data          40  pow.o(.constdata)
    .constdata                               0x000070c0   Section        8  qnan.o(.constdata)
    .data                                    0x20000000   Section       24  motor.o(.data)
    .data                                    0x20000018   Section        1  hardware_i2c.o(.data)
    .data                                    0x2000001c   Section        8  timer_drv.o(.data)
    .data                                    0x20000024   Section       10  ano_of.o(.data)
    _data_cnt                                0x20000024   Data           1  ano_of.o(.data)
    of_check_f                               0x20000025   Data           2  ano_of.o(.data)
    of_check_cnt                             0x20000028   Data           4  ano_of.o(.data)
    _data_len                                0x2000002c   Data           1  ano_of.o(.data)
    state                                    0x2000002d   Data           1  ano_of.o(.data)
    .data                                    0x2000002e   Section        6  battery.o(.data)
    .data                                    0x20000034   Section       13  led.o(.data)
    cnt                                      0x2000003c   Data           4  led.o(.data)
    tmp                                      0x20000040   Data           1  led.o(.data)
    .data                                    0x20000044   Section        4  mpu6050.o(.data)
    .data                                    0x20000048   Section       44  imu.o(.data)
    NumQ                                     0x2000004c   Data          16  imu.o(.data)
    vecxZ                                    0x2000005c   Data           4  imu.o(.data)
    vecyZ                                    0x20000060   Data           4  imu.o(.data)
    veczZ                                    0x20000064   Data           4  imu.o(.data)
    wz_acc_tmp                               0x20000068   Data           8  imu.o(.data)
    KpDef                                    0x20000070   Data           4  imu.o(.data)
    .data                                    0x20000074   Section        6  remote.o(.data)
    status                                   0x20000078   Data           1  remote.o(.data)
    cnt                                      0x20000079   Data           1  remote.o(.data)
    .data                                    0x2000007c   Section       18  control.o(.data)
    status                                   0x2000008c   Data           1  control.o(.data)
    status                                   0x2000008d   Data           1  control.o(.data)
    .data                                    0x20000090   Section       61  height_control.o(.data)
    exp_vel_d                                0x20000098   Data           4  height_control.o(.data)
    exp_acc                                  0x2000009c   Data           4  height_control.o(.data)
    fb_acc                                   0x200000a0   Data           4  height_control.o(.data)
    exp_vel                                  0x200000a4   Data           4  height_control.o(.data)
    fb_vel                                   0x200000a8   Data           4  height_control.o(.data)
    exp_hei                                  0x200000ac   Data           4  height_control.o(.data)
    fb_hei                                   0x200000b0   Data           4  height_control.o(.data)
    hei_err                                  0x200000b4   Data           4  height_control.o(.data)
    vel_err                                  0x200000b8   Data           4  height_control.o(.data)
    acc_err                                  0x200000bc   Data           4  height_control.o(.data)
    acc_err_i                                0x200000c0   Data           4  height_control.o(.data)
    acc_out                                  0x200000c4   Data           4  height_control.o(.data)
    wz_out                                   0x200000c8   Data           4  height_control.o(.data)
    .data                                    0x200000d0   Section       24  kernel.o(.data)
    Cnt                                      0x200000e4   Data           4  kernel.o(.data)
    .data                                    0x200000e8   Section       68  speed_estimator.o(.data)
    height_init_f                            0x20000120   Data           1  speed_estimator.o(.data)
    height_old                               0x20000124   Data           8  speed_estimator.o(.data)
    .data                                    0x2000012c   Section       72  pos_ctrl.o(.data)
    .data                                    0x20000174   Section       18  program_ctrl.o(.data)
    one_key_takeoff_f                        0x20000175   Data           1  program_ctrl.o(.data)
    cmd_take_off_f                           0x2000017a   Data           1  program_ctrl.o(.data)
    ref_height                               0x2000017c   Data           4  program_ctrl.o(.data)
    exp_time_ms                              0x20000180   Data           2  program_ctrl.o(.data)
    runtime_ms                               0x20000182   Data           2  program_ctrl.o(.data)
    time_compensate_ms                       0x20000184   Data           2  program_ctrl.o(.data)
    .data                                    0x20000188   Section       37  followline.o(.data)
    ActionTimes                              0x20000190   Data           1  followline.o(.data)
    ActionTimes                              0x20000191   Data           1  followline.o(.data)
    Cnt                                      0x20000194   Data           4  followline.o(.data)
    cnt                                      0x20000198   Data           4  followline.o(.data)
    cnt                                      0x2000019c   Data           4  followline.o(.data)
    cnt                                      0x200001a0   Data           4  followline.o(.data)
    CountDown                                0x200001a4   Data           2  followline.o(.data)
    Cnt                                      0x200001a8   Data           4  followline.o(.data)
    input                                    0x200001ac   Data           1  followline.o(.data)
    .data                                    0x200001b0   Section       24  gcs.o(.data)
    yaobai                                   0x200001c0   Data           1  gcs.o(.data)
    Cnt                                      0x200001c4   Data           4  gcs.o(.data)
    .data                                    0x200001c8   Section        6  ano_gcs_dt.o(.data)
    DT_data_cnt                              0x200001ca   Data           1  ano_gcs_dt.o(.data)
    ano_dt_data_ok                           0x200001cb   Data           1  ano_gcs_dt.o(.data)
    _data_len                                0x200001cc   Data           1  ano_gcs_dt.o(.data)
    state                                    0x200001cd   Data           1  ano_gcs_dt.o(.data)
    .data                                    0x200001d0   Section        4  system_msp432p401r.o(.data)
    .data                                    0x200001d4   Section        4  errno.o(.data)
    _errno                                   0x200001d4   Data           4  errno.o(.data)
    .bss                                     0x200001d8   Section     1840  hardware_uart.o(.bss)
    .bss                                     0x20000908   Section      122  ano_of.o(.bss)
    _datatemp                                0x20000950   Data          50  ano_of.o(.bss)
    .bss                                     0x20000984   Section       88  mpu6050.o(.bss)
    mpu_filter                               0x200009ac   Data          48  mpu6050.o(.bss)
    .bss                                     0x200009dc   Section      164  spl06.o(.bss)
    .bss                                     0x20000a80   Section       12  imu.o(.bss)
    .bss                                     0x20000a8c   Section      832  pid.o(.bss)
    .bss                                     0x20000dcc   Section      112  remote.o(.bss)
    .bss                                     0x20000e3c   Section      332  init.o(.bss)
    .bss                                     0x20000f88   Section       12  control.o(.bss)
    .bss                                     0x20000f94   Section       36  height_control.o(.bss)
    exp_vel_transition                       0x20000fa8   Data          16  height_control.o(.bss)
    .bss                                     0x20000fb8   Section       52  kernel.o(.bss)
    .bss                                     0x20000fec   Section       12  speed_estimator.o(.bss)
    .bss                                     0x20000ff8   Section      124  program_ctrl.o(.bss)
    .bss                                     0x20001074   Section       24  followline.o(.bss)
    .bss                                     0x2000108c   Section       44  gcs.o(.bss)
    .bss                                     0x200010b8   Section      306  ano_gcs_dt.o(.bss)
    DT_RxBuffer                              0x200010ea   Data         256  ano_gcs_dt.o(.bss)
    STACK                                    0x200011f0   Section     1792  startup_msp432p401r_uvision.o(STACK)

    Global Symbols

    Symbol Name                              Value     Ov Type        Size  Object(Section)

    BuildAttributes$$THM_ISAv4$E$P$D$K$B$S$7EM$VFPi3$EXTD16$VFPS$VFMA$PE$A:L22UL41UL21$X:L11$S22US41US21$IEEE1$IW$USESV6$~STKCKD$USESV7$~SHL$OTIME$ROPI$IEEEX$EBA8$MICROLIB$REQ8$PRES8$EABIv2 0x00000000   Number         0  anon$$obj.o ABSOLUTE
    __ARM_use_no_argv                        0x00000000   Number         0  main.o ABSOLUTE
    __Vectors                                0x00000000   Data           4  startup_msp432p401r_uvision.o(RESET)
    __cpp_initialize__aeabi_                  - Undefined Weak Reference
    __cxa_finalize                            - Undefined Weak Reference
    _clock_init                               - Undefined Weak Reference
    _microlib_exit                            - Undefined Weak Reference
    __Vectors_End                            0x00000144   Data           0  startup_msp432p401r_uvision.o(RESET)
    __Vectors_Size                           0x00000144   Number         0  startup_msp432p401r_uvision.o ABSOLUTE
    __main                                   0x00000145   Thumb Code     0  entry.o(.ARM.Collect$$$$00000000)
    _main_stk                                0x00000145   Thumb Code     0  entry2.o(.ARM.Collect$$$$00000001)
    _main_scatterload                        0x00000149   Thumb Code     0  entry5.o(.ARM.Collect$$$$00000004)
    __main_after_scatterload                 0x0000014d   Thumb Code     0  entry5.o(.ARM.Collect$$$$00000004)
    _main_clock                              0x0000014d   Thumb Code     0  entry7b.o(.ARM.Collect$$$$00000008)
    _main_cpp_init                           0x0000014d   Thumb Code     0  entry8b.o(.ARM.Collect$$$$0000000A)
    _main_init                               0x0000014d   Thumb Code     0  entry9a.o(.ARM.Collect$$$$0000000B)
    __rt_final_cpp                           0x00000155   Thumb Code     0  entry10a.o(.ARM.Collect$$$$0000000D)
    __rt_final_exit                          0x00000155   Thumb Code     0  entry11a.o(.ARM.Collect$$$$0000000F)
    Reset_Handler                            0x00000159   Thumb Code     8  startup_msp432p401r_uvision.o(.text)
    NMI_Handler                              0x00000161   Thumb Code     2  startup_msp432p401r_uvision.o(.text)
    MemManage_Handler                        0x00000165   Thumb Code     2  startup_msp432p401r_uvision.o(.text)
    BusFault_Handler                         0x00000167   Thumb Code     2  startup_msp432p401r_uvision.o(.text)
    UsageFault_Handler                       0x00000169   Thumb Code     2  startup_msp432p401r_uvision.o(.text)
    DebugMon_Handler                         0x0000016d   Thumb Code     2  startup_msp432p401r_uvision.o(.text)
    ADC14_IRQHandler                         0x00000173   Thumb Code     0  startup_msp432p401r_uvision.o(.text)
    AES256_IRQHandler                        0x00000173   Thumb Code     0  startup_msp432p401r_uvision.o(.text)
    COMP_E0_IRQHandler                       0x00000173   Thumb Code     0  startup_msp432p401r_uvision.o(.text)
    COMP_E1_IRQHandler                       0x00000173   Thumb Code     0  startup_msp432p401r_uvision.o(.text)
    CS_IRQHandler                            0x00000173   Thumb Code     0  startup_msp432p401r_uvision.o(.text)
    DMA_ERR_IRQHandler                       0x00000173   Thumb Code     0  startup_msp432p401r_uvision.o(.text)
    DMA_INT0_IRQHandler                      0x00000173   Thumb Code     0  startup_msp432p401r_uvision.o(.text)
    DMA_INT1_IRQHandler                      0x00000173   Thumb Code     0  startup_msp432p401r_uvision.o(.text)
    DMA_INT2_IRQHandler                      0x00000173   Thumb Code     0  startup_msp432p401r_uvision.o(.text)
    DMA_INT3_IRQHandler                      0x00000173   Thumb Code     0  startup_msp432p401r_uvision.o(.text)
    EUSCIB1_IRQHandler                       0x00000173   Thumb Code     0  startup_msp432p401r_uvision.o(.text)
    EUSCIB2_IRQHandler                       0x00000173   Thumb Code     0  startup_msp432p401r_uvision.o(.text)
    EUSCIB3_IRQHandler                       0x00000173   Thumb Code     0  startup_msp432p401r_uvision.o(.text)
    FLCTL_IRQHandler                         0x00000173   Thumb Code     0  startup_msp432p401r_uvision.o(.text)
    FPU_IRQHandler                           0x00000173   Thumb Code     0  startup_msp432p401r_uvision.o(.text)
    PCM_IRQHandler                           0x00000173   Thumb Code     0  startup_msp432p401r_uvision.o(.text)
    PORT1_IRQHandler                         0x00000173   Thumb Code     0  startup_msp432p401r_uvision.o(.text)
    PORT2_IRQHandler                         0x00000173   Thumb Code     0  startup_msp432p401r_uvision.o(.text)
    PORT3_IRQHandler                         0x00000173   Thumb Code     0  startup_msp432p401r_uvision.o(.text)
    PORT4_IRQHandler                         0x00000173   Thumb Code     0  startup_msp432p401r_uvision.o(.text)
    PORT5_IRQHandler                         0x00000173   Thumb Code     0  startup_msp432p401r_uvision.o(.text)
    PORT6_IRQHandler                         0x00000173   Thumb Code     0  startup_msp432p401r_uvision.o(.text)
    PSS_IRQHandler                           0x00000173   Thumb Code     0  startup_msp432p401r_uvision.o(.text)
    RTC_C_IRQHandler                         0x00000173   Thumb Code     0  startup_msp432p401r_uvision.o(.text)
    T32_INT1_IRQHandler                      0x00000173   Thumb Code     0  startup_msp432p401r_uvision.o(.text)
    T32_INT2_IRQHandler                      0x00000173   Thumb Code     0  startup_msp432p401r_uvision.o(.text)
    T32_INTC_IRQHandler                      0x00000173   Thumb Code     0  startup_msp432p401r_uvision.o(.text)
    TA0_0_IRQHandler                         0x00000173   Thumb Code     0  startup_msp432p401r_uvision.o(.text)
    TA0_N_IRQHandler                         0x00000173   Thumb Code     0  startup_msp432p401r_uvision.o(.text)
    TA1_0_IRQHandler                         0x00000173   Thumb Code     0  startup_msp432p401r_uvision.o(.text)
    TA1_N_IRQHandler                         0x00000173   Thumb Code     0  startup_msp432p401r_uvision.o(.text)
    TA2_0_IRQHandler                         0x00000173   Thumb Code     0  startup_msp432p401r_uvision.o(.text)
    TA2_N_IRQHandler                         0x00000173   Thumb Code     0  startup_msp432p401r_uvision.o(.text)
    TA3_0_IRQHandler                         0x00000173   Thumb Code     0  startup_msp432p401r_uvision.o(.text)
    TA3_N_IRQHandler                         0x00000173   Thumb Code     0  startup_msp432p401r_uvision.o(.text)
    WDT_A_IRQHandler                         0x00000173   Thumb Code     0  startup_msp432p401r_uvision.o(.text)
    __aeabi_memcpy                           0x0000017d   Thumb Code    36  memcpya.o(.text)
    __aeabi_memcpy4                          0x0000017d   Thumb Code     0  memcpya.o(.text)
    __aeabi_memcpy8                          0x0000017d   Thumb Code     0  memcpya.o(.text)
    __aeabi_memset                           0x000001a1   Thumb Code    14  memseta.o(.text)
    __aeabi_memset4                          0x000001a1   Thumb Code     0  memseta.o(.text)
    __aeabi_memset8                          0x000001a1   Thumb Code     0  memseta.o(.text)
    __aeabi_memclr                           0x000001af   Thumb Code     4  memseta.o(.text)
    __aeabi_memclr4                          0x000001af   Thumb Code     0  memseta.o(.text)
    __aeabi_memclr8                          0x000001af   Thumb Code     0  memseta.o(.text)
    _memset$wrapper                          0x000001b3   Thumb Code    18  memseta.o(.text)
    __aeabi_dadd                             0x000001c5   Thumb Code   322  dadd.o(.text)
    __aeabi_dsub                             0x00000307   Thumb Code     6  dadd.o(.text)
    __aeabi_drsub                            0x0000030d   Thumb Code     6  dadd.o(.text)
    __aeabi_dmul                             0x00000313   Thumb Code   228  dmul.o(.text)
    __aeabi_ddiv                             0x000003f7   Thumb Code   222  ddiv.o(.text)
    __aeabi_i2d                              0x000004d5   Thumb Code    34  dflti.o(.text)
    __aeabi_ui2d                             0x000004f7   Thumb Code    26  dfltui.o(.text)
    __aeabi_d2uiz                            0x00000511   Thumb Code    50  dfixui.o(.text)
    __aeabi_f2d                              0x00000543   Thumb Code    38  f2d.o(.text)
    __aeabi_d2f                              0x00000569   Thumb Code    56  d2f.o(.text)
    __aeabi_llsl                             0x000005a1   Thumb Code    30  llshl.o(.text)
    _ll_shift_l                              0x000005a1   Thumb Code     0  llshl.o(.text)
    __aeabi_llsr                             0x000005bf   Thumb Code    32  llushr.o(.text)
    _ll_ushift_r                             0x000005bf   Thumb Code     0  llushr.o(.text)
    __aeabi_lasr                             0x000005df   Thumb Code    36  llsshr.o(.text)
    _ll_sshift_r                             0x000005df   Thumb Code     0  llsshr.o(.text)
    __I$use$fp                               0x00000603   Thumb Code     0  iusefp.o(.text)
    _float_round                             0x00000603   Thumb Code    18  fepilogue.o(.text)
    _float_epilogue                          0x00000615   Thumb Code    92  fepilogue.o(.text)
    _double_round                            0x00000671   Thumb Code    30  depilogue.o(.text)
    _double_epilogue                         0x0000068f   Thumb Code   156  depilogue.o(.text)
    __ARM_scalbn                             0x0000072b   Thumb Code    46  dscalb.o(.text)
    scalbn                                   0x0000072b   Thumb Code     0  dscalb.o(.text)
    __aeabi_cdrcmple                         0x00000759   Thumb Code    48  cdrcmple.o(.text)
    __scatterload                            0x00000789   Thumb Code    28  init.o(.text)
    __scatterload_rt2                        0x00000789   Thumb Code     0  init.o(.text)
    _dsqrt                                   0x000007ad   Thumb Code   162  dsqrt.o(.text)
    __decompress                             0x0000084f   Thumb Code     0  __dczerorl.o(.text)
    __decompress0                            0x0000084f   Thumb Code    58  __dczerorl.o(.text)
    ALT_Ctrl                                 0x00000889   Thumb Code   940  height_control.o(i.ALT_Ctrl)
    ANO_DT_Data_Receive_Anl                  0x00000cc1   Thumb Code   176  ano_gcs_dt.o(i.ANO_DT_Data_Receive_Anl)
    ANO_DT_Data_Receive_Anl_Task             0x00000d71   Thumb Code    30  ano_gcs_dt.o(i.ANO_DT_Data_Receive_Anl_Task)
    ANO_DT_Data_Receive_Prepare              0x00000d9d   Thumb Code   216  ano_gcs_dt.o(i.ANO_DT_Data_Receive_Prepare)
    ATT_Update                               0x00000f99   Thumb Code  1158  imu.o(i.ATT_Update)
    ActionFormChange                         0x00001439   Thumb Code    54  followline.o(i.ActionFormChange)
    ActionHoldPoint                          0x00001479   Thumb Code    30  followline.o(i.ActionHoldPoint)
    AnalyRC                                  0x000014a1   Thumb Code   792  remote.o(i.AnalyRC)
    AnoOF_DataAnl                            0x00001859   Thumb Code   206  ano_of.o(i.AnoOF_DataAnl)
    AnoOF_GetOneByte                         0x00001931   Thumb Code   238  ano_of.o(i.AnoOF_GetOneByte)
    AnoOF_State_Task                         0x00001a55   Thumb Code    10  ano_of.o(i.AnoOF_State_Task)
    ClacCascadePID                           0x00001a5f   Thumb Code    38  pid.o(i.ClacCascadePID)
    Delay_ms                                 0x00001a85   Thumb Code    26  timer_drv.o(i.Delay_ms)
    Delay_us                                 0x00001a9f   Thumb Code    24  timer_drv.o(i.Delay_us)
    EUSCIA0_IRQHandler                       0x00001ab9   Thumb Code   126  hardware_uart.o(i.EUSCIA0_IRQHandler)
    EUSCIA1_IRQHandler                       0x00001b45   Thumb Code   176  hardware_uart.o(i.EUSCIA1_IRQHandler)
    EUSCIA2_IRQHandler                       0x00001c01   Thumb Code   148  hardware_uart.o(i.EUSCIA2_IRQHandler)
    EUSCIA3_IRQHandler                       0x00001ca1   Thumb Code   182  hardware_uart.o(i.EUSCIA3_IRQHandler)
    EUSCIB0_IRQHandler                       0x00001d65   Thumb Code     2  msp432_interrupt.o(i.EUSCIB0_IRQHandler)
    FlightPidControl                         0x00001d7d   Thumb Code   486  control.o(i.FlightPidControl)
    FlyCtrlReset                             0x00001f99   Thumb Code    98  program_ctrl.o(i.FlyCtrlReset)
    Follow_Init                              0x00002009   Thumb Code   174  followline.o(i.Follow_Init)
    GetAngle                                 0x000020e1   Thumb Code   208  imu.o(i.GetAngle)
    GetMPU6050Data                           0x000021c5   Thumb Code   222  mpu6050.o(i.GetMPU6050Data)
    GetMPU6050Offset                         0x000022b5   Thumb Code   370  mpu6050.o(i.GetMPU6050Offset)
    GetSysTime_us                            0x00002431   Thumb Code    60  timer_drv.o(i.GetSysTime_us)
    Hadrware_Init                            0x00002475   Thumb Code    34  init.o(i.Hadrware_Init)
    HardFault_Handler                        0x0000249d   Thumb Code     2  msp432_interrupt.o(i.HardFault_Handler)
    Hardware_LED_Green_OFF                   0x000024a1   Thumb Code    14  hardware.o(i.Hardware_LED_Green_OFF)
    Hardware_LED_Green_ON                    0x000024b5   Thumb Code    14  hardware.o(i.Hardware_LED_Green_ON)
    Hardware_LED_Green_TOGGLE                0x000024c9   Thumb Code     2  hardware.o(i.Hardware_LED_Green_TOGGLE)
    Hardware_LED_MOTOR1_OFF                  0x000024cb   Thumb Code     2  hardware.o(i.Hardware_LED_MOTOR1_OFF)
    Hardware_LED_MOTOR1_ON                   0x000024cd   Thumb Code     2  hardware.o(i.Hardware_LED_MOTOR1_ON)
    Hardware_LED_MOTOR1_TOGGLE               0x000024cf   Thumb Code     2  hardware.o(i.Hardware_LED_MOTOR1_TOGGLE)
    Hardware_LED_MOTOR2_OFF                  0x000024d1   Thumb Code     2  hardware.o(i.Hardware_LED_MOTOR2_OFF)
    Hardware_LED_MOTOR2_ON                   0x000024d3   Thumb Code     2  hardware.o(i.Hardware_LED_MOTOR2_ON)
    Hardware_LED_MOTOR2_TOGGLE               0x000024d5   Thumb Code     2  hardware.o(i.Hardware_LED_MOTOR2_TOGGLE)
    Hardware_LED_MOTOR3_OFF                  0x000024d7   Thumb Code     2  hardware.o(i.Hardware_LED_MOTOR3_OFF)
    Hardware_LED_MOTOR3_ON                   0x000024d9   Thumb Code     2  hardware.o(i.Hardware_LED_MOTOR3_ON)
    Hardware_LED_MOTOR3_TOGGLE               0x000024db   Thumb Code     2  hardware.o(i.Hardware_LED_MOTOR3_TOGGLE)
    Hardware_LED_MOTOR4_OFF                  0x000024dd   Thumb Code     2  hardware.o(i.Hardware_LED_MOTOR4_OFF)
    Hardware_LED_MOTOR4_ON                   0x000024df   Thumb Code     2  hardware.o(i.Hardware_LED_MOTOR4_ON)
    Hardware_LED_MOTOR4_TOGGLE               0x000024e1   Thumb Code     2  hardware.o(i.Hardware_LED_MOTOR4_TOGGLE)
    Hardware_LED_Red_OFF                     0x000024e5   Thumb Code    14  hardware.o(i.Hardware_LED_Red_OFF)
    Hardware_LED_Red_ON                      0x000024f9   Thumb Code    14  hardware.o(i.Hardware_LED_Red_ON)
    Hardware_LED_Red_TOGGLE                  0x0000250d   Thumb Code     2  hardware.o(i.Hardware_LED_Red_TOGGLE)
    HoldCurrentPostion                       0x00002511   Thumb Code   112  followline.o(i.HoldCurrentPostion)
    I2C_Init                                 0x0000258d   Thumb Code    14  hardware_i2c.o(i.I2C_Init)
    I2C_Read_Byte                            0x000025a1   Thumb Code    64  hardware_i2c.o(i.I2C_Read_Byte)
    I2C_Read_Bytes                           0x000025e1   Thumb Code    98  hardware_i2c.o(i.I2C_Read_Bytes)
    I2C_Write_Byte                           0x00002643   Thumb Code    48  hardware_i2c.o(i.I2C_Write_Byte)
    IIC_RecvACK                              0x00002675   Thumb Code    98  hardware_i2c.o(i.IIC_RecvACK)
    IIC_RecvByte                             0x000026e1   Thumb Code    94  hardware_i2c.o(i.IIC_RecvByte)
    IIC_SendACK                              0x00002745   Thumb Code   134  hardware_i2c.o(i.IIC_SendACK)
    IIC_SendByte                             0x000027d1   Thumb Code   136  hardware_i2c.o(i.IIC_SendByte)
    IIC_Start                                0x0000285d   Thumb Code    88  hardware_i2c.o(i.IIC_Start)
    IIC_Stop                                 0x000028b9   Thumb Code    82  hardware_i2c.o(i.IIC_Stop)
    KernelPolling                            0x00002911   Thumb Code   284  kernel.o(i.KernelPolling)
    LEDEventHandle                           0x00002a51   Thumb Code   124  led.o(i.LEDEventHandle)
    LEDInit                                  0x00002ae5   Thumb Code   102  led.o(i.LEDInit)
    MCU_Init                                 0x00002b55   Thumb Code    48  hardware.o(i.MCU_Init)
    MPU6050Init                              0x00002b89   Thumb Code   142  mpu6050.o(i.MPU6050Init)
    MotorControl                             0x00002c1d   Thumb Code   820  control.o(i.MotorControl)
    Motor_Init                               0x00002f7d   Thumb Code   120  motor.o(i.Motor_Init)
    One_Key_Land                             0x00003001   Thumb Code    16  program_ctrl.o(i.One_Key_Land)
    One_Key_Take_off_Land_Ctrl_Task          0x00003015   Thumb Code   276  program_ctrl.o(i.One_Key_Take_off_Land_Ctrl_Task)
    One_Key_Takeoff                          0x00003159   Thumb Code    20  program_ctrl.o(i.One_Key_Takeoff)
    PID_Init                                 0x00003171   Thumb Code   156  init.o(i.PID_Init)
    POS_Ctrl                                 0x00003225   Thumb Code   838  pos_ctrl.o(i.POS_Ctrl)
    PendSV_Handler                           0x000035b9   Thumb Code     2  msp432_interrupt.o(i.PendSV_Handler)
    PollingGCS                               0x000035bd   Thumb Code    18  gcs.o(i.PollingGCS)
    PollingLED                               0x000035d5   Thumb Code   244  led.o(i.PollingLED)
    PollingUSART                             0x000036cd   Thumb Code   346  hardware_uart.o(i.PollingUSART)
    Program_Ctrl_DataAnl                     0x0000382d   Thumb Code     2  program_ctrl.o(i.Program_Ctrl_DataAnl)
    Program_Ctrl_Task                        0x00003831   Thumb Code  1212  program_ctrl.o(i.Program_Ctrl_Task)
    Q_rsqrt                                  0x00003cf9   Thumb Code    64  mymath.o(i.Q_rsqrt)
    RCReceiveHandle                          0x00003d3d   Thumb Code   340  remote.o(i.RCReceiveHandle)
    RemoteUnlock                             0x00003ebd   Thumb Code   226  remote.o(i.RemoteUnlock)
    ResetAlt                                 0x00003fb1   Thumb Code    12  spl06.o(i.ResetAlt)
    ResetPID                                 0x00003fc1   Thumb Code    78  pid.o(i.ResetPID)
    SPL06Check                               0x0000401d   Thumb Code    34  spl06.o(i.SPL06Check)
    SPL06Init                                0x00004041   Thumb Code   110  spl06.o(i.SPL06Init)
    SPL06Update                              0x000040c5   Thumb Code     2  spl06.o(i.SPL06Update)
    SVC_Handler                              0x000040c7   Thumb Code     2  msp432_interrupt.o(i.SVC_Handler)
    SysTick_Configuration                    0x000040c9   Thumb Code    96  timer_drv.o(i.SysTick_Configuration)
    SysTick_Handler                          0x0000413d   Thumb Code    18  timer_drv.o(i.SysTick_Handler)
    SystemCoreClockUpdate                    0x00004159   Thumb Code   522  system_msp432p401r.o(i.SystemCoreClockUpdate)
    SystemInit                               0x00004395   Thumb Code   186  system_msp432p401r.o(i.SystemInit)
    Timer_A_setCompareValue                  0x0000446d   Thumb Code    20  timer_a.o(i.Timer_A_setCompareValue)
    UART_A0_ReceiveHandle                    0x00004481   Thumb Code    14  hardware_uart.o(i.UART_A0_ReceiveHandle)
    UART_A1_ReceiveHandle                    0x00004491   Thumb Code    88  hardware_uart.o(i.UART_A1_ReceiveHandle)
    UART_A2_ReceiveHandle                    0x000044f1   Thumb Code    22  hardware_uart.o(i.UART_A2_ReceiveHandle)
    UART_A3_ReceiveHandle                    0x0000450d   Thumb Code     2  hardware_uart.o(i.UART_A3_ReceiveHandle)
    UART_clearInterruptFlag                  0x0000450f   Thumb Code     8  uart.o(i.UART_clearInterruptFlag)
    UART_transmitData                        0x00004517   Thumb Code    40  uart.o(i.UART_transmitData)
    USART_Init                               0x00004541   Thumb Code   448  hardware_uart.o(i.USART_Init)
    USART_TX                                 0x0000472d   Thumb Code    72  hardware_uart.o(i.USART_TX)
    UpdateAction                             0x00004779   Thumb Code   302  followline.o(i.UpdateAction)
    UpdateButton                             0x000048bd   Thumb Code    36  followline.o(i.UpdateButton)
    UpdateCMD                                0x000048ed   Thumb Code    14  program_ctrl.o(i.UpdateCMD)
    UpdateCentControl                        0x00004909   Thumb Code    60  followline.o(i.UpdateCentControl)
    UpdateDebugInfo                          0x00004949   Thumb Code    82  followline.o(i.UpdateDebugInfo)
    UpdateMotor                              0x000049a1   Thumb Code   176  motor.o(i.UpdateMotor)
    UpdatePID                                0x00004a55   Thumb Code   358  pid.o(i.UpdatePID)
    UpdateSPL06Info                          0x00004bbd   Thumb Code   210  spl06.o(i.UpdateSPL06Info)
    UpdateStatus                             0x00004ccd   Thumb Code   382  followline.o(i.UpdateStatus)
    UpdateToGCSLine2                         0x00004e61   Thumb Code   104  gcs.o(i.UpdateToGCSLine2)
    UpdateUSBQueue                           0x00004ecd   Thumb Code    36  gcs.o(i.UpdateUSBQueue)
    WZ_Est_Calcu                             0x00004ef9   Thumb Code    44  speed_estimator.o(i.WZ_Est_Calcu)
    WZ_Fix_Calcu                             0x00004f31   Thumb Code   350  speed_estimator.o(i.WZ_Fix_Calcu)
    WZ_Fus_Reset                             0x000050cd   Thumb Code    28  speed_estimator.o(i.WZ_Fus_Reset)
    WZ_Obs_Calcu                             0x000050f9   Thumb Code   244  speed_estimator.o(i.WZ_Obs_Calcu)
    ZKHD_Link_GCS_To_FMU_Handle              0x00005225   Thumb Code    20  zkhd_link.o(i.ZKHD_Link_GCS_To_FMU_Handle)
    ZKHD_Link_GCS_To_Remote_Handle           0x00005239   Thumb Code     2  zkhd_link.o(i.ZKHD_Link_GCS_To_Remote_Handle)
    ZKHD_Link_Handle                         0x0000523b   Thumb Code    46  zkhd_link.o(i.ZKHD_Link_Handle)
    __0sprintf$bare                          0x00005269   Thumb Code    32  printfb.o(i.__0sprintf$bare)
    __1sprintf$bare                          0x00005269   Thumb Code     0  printfb.o(i.__0sprintf$bare)
    __2sprintf                               0x00005269   Thumb Code     0  printfb.o(i.__0sprintf$bare)
    __ARM_fpclassify                         0x0000528d   Thumb Code    48  fpclassify.o(i.__ARM_fpclassify)
    __ARM_fpclassifyf                        0x000052bd   Thumb Code    38  fpclassifyf.o(i.__ARM_fpclassifyf)
    __hardfp_asin                            0x000052e9   Thumb Code   770  asin.o(i.__hardfp_asin)
    __hardfp_atan2f                          0x00005649   Thumb Code   502  atan2f.o(i.__hardfp_atan2f)
    __hardfp_pow                             0x00005899   Thumb Code  3072  pow.o(i.__hardfp_pow)
    __kernel_poly                            0x000064e9   Thumb Code   248  poly.o(i.__kernel_poly)
    __mathlib_dbl_divzero                    0x000065e1   Thumb Code    28  dunder.o(i.__mathlib_dbl_divzero)
    __mathlib_dbl_infnan                     0x00006611   Thumb Code    20  dunder.o(i.__mathlib_dbl_infnan)
    __mathlib_dbl_infnan2                    0x00006625   Thumb Code    20  dunder.o(i.__mathlib_dbl_infnan2)
    __mathlib_dbl_invalid                    0x00006639   Thumb Code    24  dunder.o(i.__mathlib_dbl_invalid)
    __mathlib_dbl_overflow                   0x00006659   Thumb Code    24  dunder.o(i.__mathlib_dbl_overflow)
    __mathlib_dbl_underflow                  0x00006679   Thumb Code    24  dunder.o(i.__mathlib_dbl_underflow)
    __mathlib_flt_infnan2                    0x00006699   Thumb Code     6  funder.o(i.__mathlib_flt_infnan2)
    __mathlib_flt_underflow                  0x000066a1   Thumb Code    10  funder.o(i.__mathlib_flt_underflow)
    __scatterload_copy                       0x000066b1   Thumb Code    14  handlers.o(i.__scatterload_copy)
    __scatterload_null                       0x000066bf   Thumb Code     2  handlers.o(i.__scatterload_null)
    __scatterload_zeroinit                   0x000066c1   Thumb Code    14  handlers.o(i.__scatterload_zeroinit)
    __set_errno                              0x000066d1   Thumb Code     6  errno.o(i.__set_errno)
    bsp_SPL06_Get_Calib_Coef                 0x00006709   Thumb Code   482  spl06.o(i.bsp_SPL06_Get_Calib_Coef)
    bsp_SPL06_Get_Pressure                   0x000068f1   Thumb Code   196  spl06.o(i.bsp_SPL06_Get_Pressure)
    bsp_SPL06_Get_Pressure_Adc               0x000069b5   Thumb Code    64  spl06.o(i.bsp_SPL06_Get_Pressure_Adc)
    bsp_SPL06_Pressure_Rate_Set              0x000069f5   Thumb Code   362  spl06.o(i.bsp_SPL06_Pressure_Rate_Set)
    bsp_SPL06_Set_And_Start_Measure          0x00006b5f   Thumb Code    20  spl06.o(i.bsp_SPL06_Set_And_Start_Measure)
    bsp_SPL06_Temperature_Rate_Set           0x00006b73   Thumb Code   378  spl06.o(i.bsp_SPL06_Temperature_Rate_Set)
    deQueue                                  0x00006ced   Thumb Code    86  queue.o(i.deQueue)
    delay                                    0x00006d43   Thumb Code    14  hardware_i2c.o(i.delay)
    enQueue                                  0x00006d51   Thumb Code    84  queue.o(i.enQueue)
    fabs                                     0x00006da5   Thumb Code    24  fabs.o(i.fabs)
    gcs_ReceiveHandle                        0x00006dbd   Thumb Code   172  gcs.o(i.gcs_ReceiveHandle)
    gcs_init                                 0x00006e7d   Thumb Code    36  gcs.o(i.gcs_init)
    main                                     0x00006ec1   Thumb Code    16  main.o(i.main)
    sqrt                                     0x00006ed1   Thumb Code   110  sqrt.o(i.sqrt)
    M_PI                                     0x00006fd0   Data           4  mymath.o(.constdata)
    RtA                                      0x00006fd4   Data           4  mymath.o(.constdata)
    AtR                                      0x00006fd8   Data           4  mymath.o(.constdata)
    Gyro_G                                   0x00006fdc   Data           4  mymath.o(.constdata)
    Gyro_Gr                                  0x00006fe0   Data           4  mymath.o(.constdata)
    PI_2                                     0x00006fe4   Data           4  mymath.o(.constdata)
    __mathlib_zero                           0x000070c0   Data           8  qnan.o(.constdata)
    Region$$Table$$Base                      0x000070c8   Number         0  anon$$obj.o(Region$$Table)
    Region$$Table$$Limit                     0x000070e8   Number         0  anon$$obj.o(Region$$Table)
    pwmConfig                                0x20000000   Data          24  motor.o(.data)
    Ack_Count                                0x20000018   Data           1  hardware_i2c.o(.data)
    usTicks                                  0x2000001c   Data           4  timer_drv.o(.data)
    msTicks                                  0x20000020   Data           4  timer_drv.o(.data)
    g_BatteryInfo                            0x2000002e   Data           6  battery.o(.data)
    g_LedManager                             0x20000034   Data           6  led.o(.data)
    pMpu                                     0x20000044   Data           4  mpu6050.o(.data)
    NormAccz                                 0x20000048   Data           4  imu.o(.data)
    test                                     0x20000074   Data           4  remote.o(.data)
    motor                                    0x2000007c   Data           8  control.o(.data)
    g_FMUflg                                 0x20000084   Data           1  control.o(.data)
    PIDGroup_desired_yaw_pos_tmp             0x20000088   Data           4  control.o(.data)
    dt2                                      0x20000090   Data           4  height_control.o(.data)
    Acc_Enable_Flag                          0x20000094   Data           1  height_control.o(.data)
    fc_state_take_off                        0x200000cc   Data           1  height_control.o(.data)
    KernelRunning                            0x200000d0   Data           1  kernel.o(.data)
    InitComplete                             0x200000d1   Data           1  kernel.o(.data)
    Angle_Int16                              0x200000d2   Data           6  kernel.o(.data)
    sum                                      0x200000d8   Data           4  kernel.o(.data)
    data                                     0x200000dc   Data           5  kernel.o(.data)
    wz_fus_sta                               0x200000e8   Data           1  speed_estimator.o(.data)
    obs_wz_velocity                          0x200000ec   Data           8  speed_estimator.o(.data)
    obs_wz_height                            0x200000f4   Data           8  speed_estimator.o(.data)
    obs_wz_hasl                              0x200000fc   Data           4  speed_estimator.o(.data)
    obs_wz_hasl_gnd                          0x20000100   Data           4  speed_estimator.o(.data)
    obs_wz_velocity_ref                      0x20000104   Data           4  speed_estimator.o(.data)
    obs_wz_height_ref                        0x20000108   Data           4  speed_estimator.o(.data)
    est_wz_velocity                          0x2000010c   Data           4  speed_estimator.o(.data)
    est_wz_height                            0x20000110   Data           4  speed_estimator.o(.data)
    fix_wz_velocity                          0x20000114   Data           4  speed_estimator.o(.data)
    fix_wz_height                            0x20000118   Data           4  speed_estimator.o(.data)
    fix_wz_acceleration                      0x2000011c   Data           4  speed_estimator.o(.data)
    exp_velocity                             0x2000012c   Data           8  pos_ctrl.o(.data)
    fb_velocity                              0x20000134   Data           8  pos_ctrl.o(.data)
    fb_velocity_old                          0x2000013c   Data           8  pos_ctrl.o(.data)
    fb_velocity_d                            0x20000144   Data           8  pos_ctrl.o(.data)
    fb_velocity_fixed                        0x2000014c   Data           8  pos_ctrl.o(.data)
    pos_velocity_err                         0x20000154   Data           8  pos_ctrl.o(.data)
    pos_velocity_err_i                       0x2000015c   Data           8  pos_ctrl.o(.data)
    pos_out                                  0x20000164   Data           8  pos_ctrl.o(.data)
    pos_out_trans                            0x2000016c   Data           8  pos_ctrl.o(.data)
    auto_takeoff_land_state                  0x20000174   Data           1  program_ctrl.o(.data)
    val                                      0x20000176   Data           2  program_ctrl.o(.data)
    spd                                      0x20000178   Data           2  program_ctrl.o(.data)
    SonarManager                             0x20000188   Data           8  followline.o(.data)
    PID_select                               0x200001b0   Data           1  gcs.o(.data)
    PID_Config_Info                          0x200001b4   Data           4  gcs.o(.data)
    base                                     0x200001b8   Data           4  gcs.o(.data)
    FbAlt                                    0x200001bc   Data           2  gcs.o(.data)
    ExpAlt                                   0x200001be   Data           2  gcs.o(.data)
    checkdata_to_send                        0x200001c8   Data           1  ano_gcs_dt.o(.data)
    checksum_to_send                         0x200001c9   Data           1  ano_gcs_dt.o(.data)
    SystemCoreClock                          0x200001d0   Data           4  system_msp432p401r.o(.data)
    SBusRxBuff                               0x200001d8   Data          30  hardware_uart.o(.bss)
    UsartGroup                               0x200001f8   Data        1808  hardware_uart.o(.bss)
    ANO_OF                                   0x20000908   Data          72  ano_of.o(.bss)
    g_MPUManager                             0x20000984   Data          26  mpu6050.o(.bss)
    test_6050time                            0x200009a0   Data          12  mpu6050.o(.bss)
    device_SPL06                             0x200009dc   Data          88  spl06.o(.bss)
    g_SPL06Manager                           0x20000a34   Data          76  spl06.o(.bss)
    g_Attitude                               0x20000a80   Data          12  imu.o(.bss)
    PIDGroup                                 0x20000a8c   Data         832  pid.o(.bss)
    SBusRemote                               0x20000dcc   Data          32  remote.o(.bss)
    RC_rxData                                0x20000dec   Data          32  remote.o(.bss)
    Remote                                   0x20000e0c   Data          22  remote.o(.bss)
    PreRemote                                0x20000e22   Data          26  remote.o(.bss)
    USB_Send_Queue                           0x20000e3c   Data         332  init.o(.bss)
    fb_gyro_lpf                              0x20000f88   Data          12  control.o(.bss)
    HeightInfo                               0x20000f94   Data          20  height_control.o(.bss)
    Buff                                     0x20000fb8   Data          20  kernel.o(.bss)
    test_time                                0x20000fcc   Data          20  kernel.o(.bss)
    test_runtime                             0x20000fe0   Data          12  kernel.o(.bss)
    fix_rat                                  0x20000fec   Data          12  speed_estimator.o(.bss)
    StandardControl                          0x20000ff8   Data          36  program_ctrl.o(.bss)
    program_ctrl                             0x2000101c   Data          88  program_ctrl.o(.bss)
    FollowManager                            0x20001074   Data          24  followline.o(.bss)
    g_UAVinfo                                0x2000108c   Data          44  gcs.o(.bss)
    data_to_send                             0x200010b8   Data          50  ano_gcs_dt.o(.bss)
    __initial_sp                             0x200018f0   Data           0  startup_msp432p401r_uvision.o(STACK)



==============================================================================

Memory Map of the image

  Image Entry point : 0x00000145

  Load Region LR_IROM1 (Base: 0x00000000, Size: 0x000072c0, Max: 0x00040000, ABSOLUTE, COMPRESSED[0x00007128])

    Execution Region ER_IROM1 (Base: 0x00000000, Size: 0x000070e8, Max: 0x00040000, ABSOLUTE)

    Base Addr    Size         Type   Attr      Idx    E Section Name        Object

    0x00000000   0x00000144   Data   RO         5891    RESET               startup_msp432p401r_uvision.o
    0x00000144   0x00000000   Code   RO         5978  * .ARM.Collect$$$$00000000  mc_w.l(entry.o)
    0x00000144   0x00000004   Code   RO         6310    .ARM.Collect$$$$00000001  mc_w.l(entry2.o)
    0x00000148   0x00000004   Code   RO         6313    .ARM.Collect$$$$00000004  mc_w.l(entry5.o)
    0x0000014c   0x00000000   Code   RO         6315    .ARM.Collect$$$$00000008  mc_w.l(entry7b.o)
    0x0000014c   0x00000000   Code   RO         6317    .ARM.Collect$$$$0000000A  mc_w.l(entry8b.o)
    0x0000014c   0x00000008   Code   RO         6318    .ARM.Collect$$$$0000000B  mc_w.l(entry9a.o)
    0x00000154   0x00000000   Code   RO         6320    .ARM.Collect$$$$0000000D  mc_w.l(entry10a.o)
    0x00000154   0x00000000   Code   RO         6322    .ARM.Collect$$$$0000000F  mc_w.l(entry11a.o)
    0x00000154   0x00000004   Code   RO         6311    .ARM.Collect$$$$00002712  mc_w.l(entry2.o)
    0x00000158   0x00000024   Code   RO         5892    .text               startup_msp432p401r_uvision.o
    0x0000017c   0x00000024   Code   RO         5981    .text               mc_w.l(memcpya.o)
    0x000001a0   0x00000024   Code   RO         5983    .text               mc_w.l(memseta.o)
    0x000001c4   0x0000014e   Code   RO         6247    .text               mf_w.l(dadd.o)
    0x00000312   0x000000e4   Code   RO         6249    .text               mf_w.l(dmul.o)
    0x000003f6   0x000000de   Code   RO         6251    .text               mf_w.l(ddiv.o)
    0x000004d4   0x00000022   Code   RO         6253    .text               mf_w.l(dflti.o)
    0x000004f6   0x0000001a   Code   RO         6255    .text               mf_w.l(dfltui.o)
    0x00000510   0x00000032   Code   RO         6257    .text               mf_w.l(dfixui.o)
    0x00000542   0x00000026   Code   RO         6259    .text               mf_w.l(f2d.o)
    0x00000568   0x00000038   Code   RO         6261    .text               mf_w.l(d2f.o)
    0x000005a0   0x0000001e   Code   RO         6331    .text               mc_w.l(llshl.o)
    0x000005be   0x00000020   Code   RO         6333    .text               mc_w.l(llushr.o)
    0x000005de   0x00000024   Code   RO         6335    .text               mc_w.l(llsshr.o)
    0x00000602   0x00000000   Code   RO         6344    .text               mc_w.l(iusefp.o)
    0x00000602   0x0000006e   Code   RO         6345    .text               mf_w.l(fepilogue.o)
    0x00000670   0x000000ba   Code   RO         6347    .text               mf_w.l(depilogue.o)
    0x0000072a   0x0000002e   Code   RO         6351    .text               mf_w.l(dscalb.o)
    0x00000758   0x00000030   Code   RO         6355    .text               mf_w.l(cdrcmple.o)
    0x00000788   0x00000024   Code   RO         6357    .text               mc_w.l(init.o)
    0x000007ac   0x000000a2   Code   RO         6361    .text               mf_w.l(dsqrt.o)
    0x0000084e   0x0000003a   Code   RO         6373    .text               mc_w.l(__dczerorl.o)
    0x00000888   0x00000438   Code   RO         1619    i.ALT_Ctrl          height_control.o
    0x00000cc0   0x000000b0   Code   RO         2110    i.ANO_DT_Data_Receive_Anl  ano_gcs_dt.o
    0x00000d70   0x0000002c   Code   RO         2111    i.ANO_DT_Data_Receive_Anl_Task  ano_gcs_dt.o
    0x00000d9c   0x000000ec   Code   RO         2112    i.ANO_DT_Data_Receive_Prepare  ano_gcs_dt.o
    0x00000e88   0x000000f4   Code   RO         2113    i.ANO_DT_SendCmd    ano_gcs_dt.o
    0x00000f7c   0x0000001c   Code   RO         2114    i.ANO_DT_Send_Data  ano_gcs_dt.o
    0x00000f98   0x000004a0   Code   RO         1250    i.ATT_Update        imu.o
    0x00001438   0x00000040   Code   RO         1908    i.ActionFormChange  followline.o
    0x00001478   0x00000028   Code   RO         1909    i.ActionHoldPoint   followline.o
    0x000014a0   0x00000340   Code   RO         1438    i.AnalyRC           remote.o
    0x000017e0   0x00000078   Code   RO          780    i.AnoOF_Check       ano_of.o
    0x00001858   0x000000d8   Code   RO          781    i.AnoOF_DataAnl     ano_of.o
    0x00001930   0x00000100   Code   RO          782    i.AnoOF_GetOneByte  ano_of.o
    0x00001a30   0x00000024   Code   RO          783    i.AnoOF_State_Get   ano_of.o
    0x00001a54   0x0000000a   Code   RO          784    i.AnoOF_State_Task  ano_of.o
    0x00001a5e   0x00000026   Code   RO         1368    i.ClacCascadePID    pid.o
    0x00001a84   0x0000001a   Code   RO          716    i.Delay_ms          timer_drv.o
    0x00001a9e   0x00000018   Code   RO          717    i.Delay_us          timer_drv.o
    0x00001ab6   0x00000002   PAD
    0x00001ab8   0x0000008c   Code   RO          572    i.EUSCIA0_IRQHandler  hardware_uart.o
    0x00001b44   0x000000bc   Code   RO          573    i.EUSCIA1_IRQHandler  hardware_uart.o
    0x00001c00   0x000000a0   Code   RO          574    i.EUSCIA2_IRQHandler  hardware_uart.o
    0x00001ca0   0x000000c4   Code   RO          575    i.EUSCIA3_IRQHandler  hardware_uart.o
    0x00001d64   0x00000002   Code   RO          176    i.EUSCIB0_IRQHandler  msp432_interrupt.o
    0x00001d66   0x00000002   PAD
    0x00001d68   0x00000014   Code   RO         1826    i.FC_Unlock_Fun     program_ctrl.o
    0x00001d7c   0x0000021c   Code   RO         1570    i.FlightPidControl  control.o
    0x00001f98   0x00000070   Code   RO         1827    i.FlyCtrlReset      program_ctrl.o
    0x00002008   0x000000d8   Code   RO         1910    i.Follow_Init       followline.o
    0x000020e0   0x000000e4   Code   RO         1251    i.GetAngle          imu.o
    0x000021c4   0x000000f0   Code   RO          974    i.GetMPU6050Data    mpu6050.o
    0x000022b4   0x0000017c   Code   RO          975    i.GetMPU6050Offset  mpu6050.o
    0x00002430   0x00000044   Code   RO          718    i.GetSysTime_us     timer_drv.o
    0x00002474   0x00000028   Code   RO         1516    i.Hadrware_Init     init.o
    0x0000249c   0x00000002   Code   RO          177    i.HardFault_Handler  msp432_interrupt.o
    0x0000249e   0x00000002   PAD
    0x000024a0   0x00000014   Code   RO          233    i.Hardware_LED_Green_OFF  hardware.o
    0x000024b4   0x00000014   Code   RO          234    i.Hardware_LED_Green_ON  hardware.o
    0x000024c8   0x00000002   Code   RO          235    i.Hardware_LED_Green_TOGGLE  hardware.o
    0x000024ca   0x00000002   Code   RO          236    i.Hardware_LED_MOTOR1_OFF  hardware.o
    0x000024cc   0x00000002   Code   RO          237    i.Hardware_LED_MOTOR1_ON  hardware.o
    0x000024ce   0x00000002   Code   RO          238    i.Hardware_LED_MOTOR1_TOGGLE  hardware.o
    0x000024d0   0x00000002   Code   RO          239    i.Hardware_LED_MOTOR2_OFF  hardware.o
    0x000024d2   0x00000002   Code   RO          240    i.Hardware_LED_MOTOR2_ON  hardware.o
    0x000024d4   0x00000002   Code   RO          241    i.Hardware_LED_MOTOR2_TOGGLE  hardware.o
    0x000024d6   0x00000002   Code   RO          242    i.Hardware_LED_MOTOR3_OFF  hardware.o
    0x000024d8   0x00000002   Code   RO          243    i.Hardware_LED_MOTOR3_ON  hardware.o
    0x000024da   0x00000002   Code   RO          244    i.Hardware_LED_MOTOR3_TOGGLE  hardware.o
    0x000024dc   0x00000002   Code   RO          245    i.Hardware_LED_MOTOR4_OFF  hardware.o
    0x000024de   0x00000002   Code   RO          246    i.Hardware_LED_MOTOR4_ON  hardware.o
    0x000024e0   0x00000002   Code   RO          247    i.Hardware_LED_MOTOR4_TOGGLE  hardware.o
    0x000024e2   0x00000002   PAD
    0x000024e4   0x00000014   Code   RO          248    i.Hardware_LED_Red_OFF  hardware.o
    0x000024f8   0x00000014   Code   RO          249    i.Hardware_LED_Red_ON  hardware.o
    0x0000250c   0x00000002   Code   RO          250    i.Hardware_LED_Red_TOGGLE  hardware.o
    0x0000250e   0x00000002   PAD
    0x00002510   0x0000007c   Code   RO         1911    i.HoldCurrentPostion  followline.o
    0x0000258c   0x00000014   Code   RO          485    i.I2C_Init          hardware_i2c.o
    0x000025a0   0x00000040   Code   RO          486    i.I2C_Read_Byte     hardware_i2c.o
    0x000025e0   0x00000062   Code   RO          487    i.I2C_Read_Bytes    hardware_i2c.o
    0x00002642   0x00000030   Code   RO          488    i.I2C_Write_Byte    hardware_i2c.o
    0x00002672   0x00000002   PAD
    0x00002674   0x0000006c   Code   RO          489    i.IIC_RecvACK       hardware_i2c.o
    0x000026e0   0x00000064   Code   RO          490    i.IIC_RecvByte      hardware_i2c.o
    0x00002744   0x0000008c   Code   RO          491    i.IIC_SendACK       hardware_i2c.o
    0x000027d0   0x0000008c   Code   RO          492    i.IIC_SendByte      hardware_i2c.o
    0x0000285c   0x0000005c   Code   RO          493    i.IIC_Start         hardware_i2c.o
    0x000028b8   0x00000058   Code   RO          494    i.IIC_Stop          hardware_i2c.o
    0x00002910   0x00000140   Code   RO         1707    i.KernelPolling     kernel.o
    0x00002a50   0x00000094   Code   RO          917    i.LEDEventHandle    led.o
    0x00002ae4   0x00000070   Code   RO          918    i.LEDInit           led.o
    0x00002b54   0x00000034   Code   RO          256    i.MCU_Init          hardware.o
    0x00002b88   0x00000094   Code   RO          976    i.MPU6050Init       mpu6050.o
    0x00002c1c   0x00000360   Code   RO         1571    i.MotorControl      control.o
    0x00002f7c   0x00000084   Code   RO          425    i.Motor_Init        motor.o
    0x00003000   0x00000014   Code   RO         1828    i.One_Key_Land      program_ctrl.o
    0x00003014   0x00000144   Code   RO         1829    i.One_Key_Take_off_Land_Ctrl_Task  program_ctrl.o
    0x00003158   0x00000018   Code   RO         1830    i.One_Key_Takeoff   program_ctrl.o
    0x00003170   0x000000b4   Code   RO         1517    i.PID_Init          init.o
    0x00003224   0x00000394   Code   RO         1796    i.POS_Ctrl          pos_ctrl.o
    0x000035b8   0x00000002   Code   RO          178    i.PendSV_Handler    msp432_interrupt.o
    0x000035ba   0x00000002   PAD
    0x000035bc   0x00000018   Code   RO         2006    i.PollingGCS        gcs.o
    0x000035d4   0x000000f8   Code   RO          919    i.PollingLED        led.o
    0x000036cc   0x00000160   Code   RO          576    i.PollingUSART      hardware_uart.o
    0x0000382c   0x00000002   Code   RO         1831    i.Program_Ctrl_DataAnl  program_ctrl.o
    0x0000382e   0x00000002   PAD
    0x00003830   0x000004c8   Code   RO         1832    i.Program_Ctrl_Task  program_ctrl.o
    0x00003cf8   0x00000044   Code   RO         1308    i.Q_rsqrt           mymath.o
    0x00003d3c   0x00000180   Code   RO         1439    i.RCReceiveHandle   remote.o
    0x00003ebc   0x000000f4   Code   RO         1440    i.RemoteUnlock      remote.o
    0x00003fb0   0x00000010   Code   RO         1039    i.ResetAlt          spl06.o
    0x00003fc0   0x0000005c   Code   RO         1369    i.ResetPID          pid.o
    0x0000401c   0x00000022   Code   RO         1040    i.SPL06Check        spl06.o
    0x0000403e   0x00000002   PAD
    0x00004040   0x00000084   Code   RO         1041    i.SPL06Init         spl06.o
    0x000040c4   0x00000002   Code   RO         1042    i.SPL06Update       spl06.o
    0x000040c6   0x00000002   Code   RO          179    i.SVC_Handler       msp432_interrupt.o
    0x000040c8   0x00000074   Code   RO          719    i.SysTick_Configuration  timer_drv.o
    0x0000413c   0x0000001c   Code   RO          720    i.SysTick_Handler   timer_drv.o
    0x00004158   0x0000023c   Code   RO         5899    i.SystemCoreClockUpdate  system_msp432p401r.o
    0x00004394   0x000000d8   Code   RO         5900    i.SystemInit        system_msp432p401r.o
    0x0000446c   0x00000014   Code   RO         5429    i.Timer_A_setCompareValue  timer_a.o
    0x00004480   0x0000000e   Code   RO          577    i.UART_A0_ReceiveHandle  hardware_uart.o
    0x0000448e   0x00000002   PAD
    0x00004490   0x00000060   Code   RO          578    i.UART_A1_ReceiveHandle  hardware_uart.o
    0x000044f0   0x0000001c   Code   RO          579    i.UART_A2_ReceiveHandle  hardware_uart.o
    0x0000450c   0x00000002   Code   RO          580    i.UART_A3_ReceiveHandle  hardware_uart.o
    0x0000450e   0x00000008   Code   RO         5682    i.UART_clearInterruptFlag  uart.o
    0x00004516   0x00000028   Code   RO         5700    i.UART_transmitData  uart.o
    0x0000453e   0x00000002   PAD
    0x00004540   0x000001ec   Code   RO          581    i.USART_Init        hardware_uart.o
    0x0000472c   0x0000004c   Code   RO          582    i.USART_TX          hardware_uart.o
    0x00004778   0x00000144   Code   RO         1913    i.UpdateAction      followline.o
    0x000048bc   0x00000030   Code   RO         1914    i.UpdateButton      followline.o
    0x000048ec   0x0000001c   Code   RO         1834    i.UpdateCMD         program_ctrl.o
    0x00004908   0x00000040   Code   RO         1915    i.UpdateCentControl  followline.o
    0x00004948   0x00000058   Code   RO         1916    i.UpdateDebugInfo   followline.o
    0x000049a0   0x000000b4   Code   RO          428    i.UpdateMotor       motor.o
    0x00004a54   0x00000166   Code   RO         1370    i.UpdatePID         pid.o
    0x00004bba   0x00000002   PAD
    0x00004bbc   0x00000110   Code   RO         1046    i.UpdateSPL06Info   spl06.o
    0x00004ccc   0x00000194   Code   RO         1918    i.UpdateStatus      followline.o
    0x00004e60   0x0000006c   Code   RO         2012    i.UpdateToGCSLine2  gcs.o
    0x00004ecc   0x0000002c   Code   RO         2016    i.UpdateUSBQueue    gcs.o
    0x00004ef8   0x00000038   Code   RO         1739    i.WZ_Est_Calcu      speed_estimator.o
    0x00004f30   0x0000019c   Code   RO         1740    i.WZ_Fix_Calcu      speed_estimator.o
    0x000050cc   0x0000002c   Code   RO         1741    i.WZ_Fus_Reset      speed_estimator.o
    0x000050f8   0x0000012c   Code   RO         1742    i.WZ_Obs_Calcu      speed_estimator.o
    0x00005224   0x00000014   Code   RO         2163    i.ZKHD_Link_GCS_To_FMU_Handle  zkhd_link.o
    0x00005238   0x00000002   Code   RO         2164    i.ZKHD_Link_GCS_To_Remote_Handle  zkhd_link.o
    0x0000523a   0x0000002e   Code   RO         2165    i.ZKHD_Link_Handle  zkhd_link.o
    0x00005268   0x00000024   Code   RO         5990    i.__0sprintf$bare   mc_w.l(printfb.o)
    0x0000528c   0x00000030   Code   RO         6277    i.__ARM_fpclassify  m_wm.l(fpclassify.o)
    0x000052bc   0x00000026   Code   RO         6279    i.__ARM_fpclassifyf  m_wm.l(fpclassifyf.o)
    0x000052e2   0x00000006   PAD
    0x000052e8   0x00000360   Code   RO         5932    i.__hardfp_asin     m_wm.l(asin.o)
    0x00005648   0x00000250   Code   RO         5946    i.__hardfp_atan2f   m_wm.l(atan2f.o)
    0x00005898   0x00000c50   Code   RO         5964    i.__hardfp_pow      m_wm.l(pow.o)
    0x000064e8   0x000000f8   Code   RO         6295    i.__kernel_poly     m_wm.l(poly.o)
    0x000065e0   0x00000030   Code   RO         6263    i.__mathlib_dbl_divzero  m_wm.l(dunder.o)
    0x00006610   0x00000014   Code   RO         6264    i.__mathlib_dbl_infnan  m_wm.l(dunder.o)
    0x00006624   0x00000014   Code   RO         6265    i.__mathlib_dbl_infnan2  m_wm.l(dunder.o)
    0x00006638   0x00000020   Code   RO         6266    i.__mathlib_dbl_invalid  m_wm.l(dunder.o)
    0x00006658   0x00000020   Code   RO         6267    i.__mathlib_dbl_overflow  m_wm.l(dunder.o)
    0x00006678   0x00000020   Code   RO         6269    i.__mathlib_dbl_underflow  m_wm.l(dunder.o)
    0x00006698   0x00000006   Code   RO         6283    i.__mathlib_flt_infnan2  m_wm.l(funder.o)
    0x0000669e   0x00000002   PAD
    0x000066a0   0x00000010   Code   RO         6287    i.__mathlib_flt_underflow  m_wm.l(funder.o)
    0x000066b0   0x0000000e   Code   RO         6367    i.__scatterload_copy  mc_w.l(handlers.o)
    0x000066be   0x00000002   Code   RO         6368    i.__scatterload_null  mc_w.l(handlers.o)
    0x000066c0   0x0000000e   Code   RO         6369    i.__scatterload_zeroinit  mc_w.l(handlers.o)
    0x000066ce   0x00000002   PAD
    0x000066d0   0x0000000c   Code   RO         6339    i.__set_errno       mc_w.l(errno.o)
    0x000066dc   0x00000022   Code   RO         5995    i._printf_core      mc_w.l(printfb.o)
    0x000066fe   0x0000000a   Code   RO         5997    i._sputc            mc_w.l(printfb.o)
    0x00006708   0x000001e8   Code   RO         1047    i.bsp_SPL06_Get_Calib_Coef  spl06.o
    0x000068f0   0x000000c4   Code   RO         1048    i.bsp_SPL06_Get_Pressure  spl06.o
    0x000069b4   0x00000040   Code   RO         1049    i.bsp_SPL06_Get_Pressure_Adc  spl06.o
    0x000069f4   0x0000016a   Code   RO         1052    i.bsp_SPL06_Pressure_Rate_Set  spl06.o
    0x00006b5e   0x00000014   Code   RO         1053    i.bsp_SPL06_Set_And_Start_Measure  spl06.o
    0x00006b72   0x0000017a   Code   RO         1054    i.bsp_SPL06_Temperature_Rate_Set  spl06.o
    0x00006cec   0x00000056   Code   RO         1408    i.deQueue           queue.o
    0x00006d42   0x0000000e   Code   RO          495    i.delay             hardware_i2c.o
    0x00006d50   0x00000054   Code   RO         1409    i.enQueue           queue.o
    0x00006da4   0x00000018   Code   RO         5960    i.fabs              m_wm.l(fabs.o)
    0x00006dbc   0x000000c0   Code   RO         2017    i.gcs_ReceiveHandle  gcs.o
    0x00006e7c   0x00000044   Code   RO         2018    i.gcs_init          gcs.o
    0x00006ec0   0x00000010   Code   RO            4    i.main              main.o
    0x00006ed0   0x0000006e   Code   RO         6300    i.sqrt              m_wm.l(sqrt.o)
    0x00006f3e   0x00000002   PAD
    0x00006f40   0x00000090   Data   RO          584    .constdata          hardware_uart.o
    0x00006fd0   0x00000018   Data   RO         1314    .constdata          mymath.o
    0x00006fe8   0x00000050   Data   RO         5935    .constdata          m_wm.l(asin.o)
    0x00007038   0x00000088   Data   RO         5967    .constdata          m_wm.l(pow.o)
    0x000070c0   0x00000008   Data   RO         6297    .constdata          m_wm.l(qnan.o)
    0x000070c8   0x00000020   Data   RO         6365    Region$$Table       anon$$obj.o


    Execution Region RW_IRAM1 (Base: 0x20000000, Size: 0x000018f0, Max: 0x00010000, ABSOLUTE, COMPRESSED[0x00000040])

    Base Addr    Size         Type   Attr      Idx    E Section Name        Object

    0x20000000   0x00000018   Data   RW          429    .data               motor.o
    0x20000018   0x00000001   Data   RW          496    .data               hardware_i2c.o
    0x20000019   0x00000003   PAD
    0x2000001c   0x00000008   Data   RW          721    .data               timer_drv.o
    0x20000024   0x0000000a   Data   RW          786    .data               ano_of.o
    0x2000002e   0x00000006   Data   RW          883    .data               battery.o
    0x20000034   0x0000000d   Data   RW          920    .data               led.o
    0x20000041   0x00000003   PAD
    0x20000044   0x00000004   Data   RW          978    .data               mpu6050.o
    0x20000048   0x0000002c   Data   RW         1254    .data               imu.o
    0x20000074   0x00000006   Data   RW         1443    .data               remote.o
    0x2000007a   0x00000002   PAD
    0x2000007c   0x00000012   Data   RW         1573    .data               control.o
    0x2000008e   0x00000002   PAD
    0x20000090   0x0000003d   Data   RW         1627    .data               height_control.o
    0x200000cd   0x00000003   PAD
    0x200000d0   0x00000018   Data   RW         1709    .data               kernel.o
    0x200000e8   0x00000044   Data   RW         1744    .data               speed_estimator.o
    0x2000012c   0x00000048   Data   RW         1797    .data               pos_ctrl.o
    0x20000174   0x00000012   Data   RW         1836    .data               program_ctrl.o
    0x20000186   0x00000002   PAD
    0x20000188   0x00000025   Data   RW         1921    .data               followline.o
    0x200001ad   0x00000003   PAD
    0x200001b0   0x00000018   Data   RW         2020    .data               gcs.o
    0x200001c8   0x00000006   Data   RW         2116    .data               ano_gcs_dt.o
    0x200001ce   0x00000002   PAD
    0x200001d0   0x00000004   Data   RW         5901    .data               system_msp432p401r.o
    0x200001d4   0x00000004   Data   RW         6340    .data               mc_w.l(errno.o)
    0x200001d8   0x00000730   Zero   RW          583    .bss                hardware_uart.o
    0x20000908   0x0000007a   Zero   RW          785    .bss                ano_of.o
    0x20000982   0x00000002   PAD
    0x20000984   0x00000058   Zero   RW          977    .bss                mpu6050.o
    0x200009dc   0x000000a4   Zero   RW         1055    .bss                spl06.o
    0x20000a80   0x0000000c   Zero   RW         1253    .bss                imu.o
    0x20000a8c   0x00000340   Zero   RW         1371    .bss                pid.o
    0x20000dcc   0x00000070   Zero   RW         1442    .bss                remote.o
    0x20000e3c   0x0000014c   Zero   RW         1518    .bss                init.o
    0x20000f88   0x0000000c   Zero   RW         1572    .bss                control.o
    0x20000f94   0x00000024   Zero   RW         1626    .bss                height_control.o
    0x20000fb8   0x00000034   Zero   RW         1708    .bss                kernel.o
    0x20000fec   0x0000000c   Zero   RW         1743    .bss                speed_estimator.o
    0x20000ff8   0x0000007c   Zero   RW         1835    .bss                program_ctrl.o
    0x20001074   0x00000018   Zero   RW         1920    .bss                followline.o
    0x2000108c   0x0000002c   Zero   RW         2019    .bss                gcs.o
    0x200010b8   0x00000132   Zero   RW         2115    .bss                ano_gcs_dt.o
    0x200011ea   0x00000006   PAD
    0x200011f0   0x00000700   Zero   RW         5889    STACK               startup_msp432p401r_uvision.o


==============================================================================

Image component sizes


      Code (inc. data)   RO Data    RW Data    ZI Data      Debug   Object Name

       728         48          0          6        306       4257   ano_gcs_dt.o
       638         46          0         10        122       4595   ano_of.o
         0          0          0          6          0        592   battery.o
      1404         98          0         18         12       4304   control.o
      1372        188          0         37         24       9061   followline.o
       436         76          0         24         44       5751   gcs.o
       160         28          0          0          0       9071   hardware.o
       912         42          0          1          0       6966   hardware_i2c.o
      1744        120        144          0       1840      14387   hardware_uart.o
      1080        140          0         61         36       2837   height_control.o
      1412         74          0         44         12       2770   imu.o
       220         30          0          0        332       3030   init.o
       320         36          0         24         52       1802   kernel.o
       508         38          0         13          0       3203   led.o
        16          0          0          0          0     204656   main.o
       312         16          0         24          0       1495   motor.o
       768         34          0          4         88       4244   mpu6050.o
         8          0          0          0          0       3730   msp432_interrupt.o
        68          4         24          0          0        965   mymath.o
       488         14          0          0        832       3159   pid.o
       916         78          0         72          0       1916   pos_ctrl.o
      1754        142          0         18        124       7528   program_ctrl.o
       170          0          0          0          0       2193   queue.o
      1460        102          0          6        112       4062   remote.o
       812        146          0         68         12       4013   speed_estimator.o
      1964         94          0          0        164      13244   spl06.o
        36          8        324          0       1792        868   startup_msp432p401r_uvision.o
       788         86          0          4          0       1843   system_msp432p401r.o
        20          0          0          0          0        666   timer_a.o
       262         38          0          8          0      33117   timer_drv.o
        48          0          0          0          0       1142   uart.o
        68          0          0          0          0       3194   zkhd_link.o

    ----------------------------------------------------------------------
     20916       1726        524        468       5912     364661   Object Totals
         0          0         32          0          0          0   (incl. Generated)
        24          0          0         20          8          0   (incl. Padding)

    ----------------------------------------------------------------------

      Code (inc. data)   RO Data    RW Data    ZI Data      Debug   Library Member Name

       864         94         80          0          0        280   asin.o
       592         90          0          0          0        184   atan2f.o
       184         44          0          0          0        744   dunder.o
        24          0          0          0          0        124   fabs.o
        48          0          0          0          0        124   fpclassify.o
        38          0          0          0          0        116   fpclassifyf.o
        22          6          0          0          0        232   funder.o
       248          0          0          0          0        152   poly.o
      3152        296        136          0          0        352   pow.o
         0          0          8          0          0          0   qnan.o
       110          0          0          0          0        148   sqrt.o
        58          0          0          0          0          0   __dczerorl.o
         0          0          0          0          0          0   entry.o
         0          0          0          0          0          0   entry10a.o
         0          0          0          0          0          0   entry11a.o
         8          4          0          0          0          0   entry2.o
         4          0          0          0          0          0   entry5.o
         0          0          0          0          0          0   entry7b.o
         0          0          0          0          0          0   entry8b.o
         8          4          0          0          0          0   entry9a.o
        12          6          0          4          0         68   errno.o
        30          0          0          0          0          0   handlers.o
        36          8          0          0          0         68   init.o
         0          0          0          0          0          0   iusefp.o
        30          0          0          0          0         68   llshl.o
        36          0          0          0          0         68   llsshr.o
        32          0          0          0          0         68   llushr.o
        36          0          0          0          0         68   memcpya.o
        36          0          0          0          0        108   memseta.o
        80          4          0          0          0        236   printfb.o
        48          0          0          0          0         68   cdrcmple.o
        56          0          0          0          0         88   d2f.o
       334          0          0          0          0        148   dadd.o
       222          0          0          0          0        100   ddiv.o
       186          0          0          0          0        176   depilogue.o
        50          0          0          0          0         76   dfixui.o
        34          0          0          0          0         76   dflti.o
        26          0          0          0          0         76   dfltui.o
       228          0          0          0          0         96   dmul.o
        46          0          0          0          0         80   dscalb.o
       162          0          0          0          0        100   dsqrt.o
        38          0          0          0          0         68   f2d.o
       110          0          0          0          0        168   fepilogue.o

    ----------------------------------------------------------------------
      7240        556        224          4          0       4528   Library Totals
        12          0          0          0          0          0   (incl. Padding)

    ----------------------------------------------------------------------

      Code (inc. data)   RO Data    RW Data    ZI Data      Debug   Library Name

      5282        530        224          0          0       2456   m_wm.l
       406         26          0          4          0        752   mc_w.l
      1540          0          0          0          0       1320   mf_w.l

    ----------------------------------------------------------------------
      7240        556        224          4          0       4528   Library Totals

    ----------------------------------------------------------------------

==============================================================================


      Code (inc. data)   RO Data    RW Data    ZI Data      Debug   

     28156       2282        748        472       5912     355133   Grand Totals
     28156       2282        748         64       5912     355133   ELF Image Totals (compressed)
     28156       2282        748         64          0          0   ROM Totals

==============================================================================

    Total RO  Size (Code + RO Data)                28904 (  28.23kB)
    Total RW  Size (RW Data + ZI Data)              6384 (   6.23kB)
    Total ROM Size (Code + RO Data + RW Data)      28968 (  28.29kB)

==============================================================================

